******************************************************************************
             TMS320C2000 Linker PC v25.11.0                    
******************************************************************************
>> Linked Thu Jun  4 00:26:57 2026

OUTPUT FILE NAME:   <dac_adc_ex.out>
ENTRY POINT SYMBOL: "code_start"  address: 00000000


MEMORY CONFIGURATION

         name            origin    length      used     unused   attr    fill
----------------------  --------  ---------  --------  --------  ----  --------
PAGE 0:
  BEGIN                 00000000   00000002  00000002  00000000  RWIX
  RAMM0                 00000123   000002dd  00000022  000002bb  RWIX
  RAMLS0                00008000   00000800  00000000  00000800  RWIX
  RAMLS1                00008800   00000800  00000000  00000800  RWIX
  RAMLS2                00009000   00000800  00000000  00000800  RWIX
  RAMLS3                00009800   00000800  00000000  00000800  RWIX
  RAMLS4                0000a000   00000800  00000000  00000800  RWIX
  RAMD0                 0000b000   00000800  00000000  00000800  RWIX
  FLASHA                00080002   00001ffe  00000000  00001ffe  RWIX
  FLASHB                00082000   00002000  00000000  00002000  RWIX
  FLASHC                00084000   00002000  00000000  00002000  RWIX
  FLASHD                00086000   00002000  00000000  00002000  RWIX
  FLASHE                00088000   00008000  00000000  00008000  RWIX
  FLASHF                00090000   00008000  00000000  00008000  RWIX
  FLASHG                00098000   00008000  00000000  00008000  RWIX
  FLASHH                000a0000   00008000  00000000  00008000  RWIX
  FLASHI                000a8000   00008000  00000000  00008000  RWIX
  FLASHJ                000b0000   00008000  00000000  00008000  RWIX
  FLASHK                000b8000   00002000  00000000  00002000  RWIX
  FLASHL                000ba000   00002000  00000000  00002000  RWIX
  FLASHM                000bc000   00002000  00000000  00002000  RWIX
  FLASHN                000be000   00001ff0  00000000  00001ff0  RWIX
  RESET                 003fffc0   00000002  00000000  00000002  RWIX

PAGE 1:
  BOOT_RSVD             00000002   00000121  00000000  00000121  RWIX
  RAMM1                 00000400   000003f8  00000200  000001f8  RWIX
  RAMLS5                0000a800   00000800  000005c9  00000237  RWIX
  RAMD1                 0000b800   00000800  00000000  00000800  RWIX
  RAMGS0                0000c000   00001000  00000000  00001000  RWIX
  RAMGS1                0000d000   00001000  00000000  00001000  RWIX
  RAMGS2                0000e000   00001000  00000000  00001000  RWIX
  RAMGS3                0000f000   00001000  00001000  00000000  RWIX
  RAMGS4                00010000   00001000  00000430  00000bd0  RWIX
  RAMGS5                00011000   00001000  00000000  00001000  RWIX
  RAMGS6                00012000   00001000  00000000  00001000  RWIX
  RAMGS7                00013000   00001000  00000000  00001000  RWIX
  RAMGS8                00014000   00001000  00000000  00001000  RWIX
  RAMGS9                00015000   00001000  00000000  00001000  RWIX
  RAMGS10               00016000   00001000  00000000  00001000  RWIX
  RAMGS11               00017000   00001000  00000000  00001000  RWIX
  RAMGS12               00018000   00001000  00000000  00001000  RWIX
  RAMGS13               00019000   00001000  00000000  00001000  RWIX
  RAMGS14               0001a000   00001000  00000000  00001000  RWIX
  RAMGS15               0001b000   00000ff8  00000000  00000ff8  RWIX
  CPU2TOCPU1RAM         0003f800   00000400  00000000  00000400  RWIX
  CPU1TOCPU2RAM         0003fc00   00000400  00000000  00000400  RWIX
  CANA_MSG_RAM          00049000   00000800  00000000  00000800  RWIX
  CANB_MSG_RAM          0004b000   00000800  00000000  00000800  RWIX


SECTION ALLOCATION MAP

 output                                  attributes/
section   page    origin      length       input sections
--------  ----  ----------  ----------   ----------------
codestart 
*          0    00000000    00000002     
                  00000000    00000002     F2837xD_CodeStartBranch.obj (codestart)

.cinit     0    00000128    0000001e     
                  00000128    0000000b     (.cinit..data.load) [load image, compression = lzss]
                  00000133    00000001     --HOLE-- [fill = 0]
                  00000134    00000006     (__TI_handler_table)
                  0000013a    00000004     (.cinit..bss.load) [load image, compression = zero_init]
                  0000013e    00000008     (__TI_cinit_table)

.reset     0    003fffc0    00000000     DSECT

.stack     1    00000400    00000200     UNINITIALIZED
                  00000400    00000200     --HOLE--

.bss       1    0000ac87    0000012c     UNINITIALIZED
                  0000ac87    000000c8     main.obj (.bss:dac_buffer)
                  0000ad4f    00000064     main.obj (.bss:adc_buffer)

.init_array 
*          0    00000123    00000000     UNINITIALIZED

.const     1    0000a800    00000487     
                  0000a800    000000fe     board.obj (.const:.string)
                  0000a8fe    000000c2     driverlib_eabi.lib : sysctl.obj (.const:.string)
                  0000a9c0    000000bc                        : gpio.obj (.const:.string)
                  0000aa7c    000000bb                        : sci.obj (.const:.string)
                  0000ab37    00000001     --HOLE-- [fill = 0]
                  0000ab38    0000007c     main.obj (.const:.string)
                  0000abb4    00000062     driverlib_eabi.lib : cputimer.obj (.const:.string)
                  0000ac16    0000005d                        : adc.obj (.const:.string)
                  0000ac73    00000001     --HOLE-- [fill = 0]
                  0000ac74    00000013     device.obj (.const:.string)

.data      1    0000adb4    00000016     UNINITIALIZED
                  0000adb4    00000006     device.obj (.data)
                  0000adba    00000006     main.obj (.data)
                  0000adc0    00000006     rts2800_fpu32_eabi.lib : exit.c.obj (.data)
                  0000adc6    00000002                            : _lock.c.obj (.data:_lock)
                  0000adc8    00000002                            : _lock.c.obj (.data:_unlock)

.TI.ramfunc 
*          0    00000123    00000004     
                  00000123    00000004     driverlib_eabi.lib : sysctl.obj (.TI.ramfunc)

GETBUFFER 
*          0    0003f800    00000000     DSECT

GETWRITEIDX 
*          0    0003f800    00000000     DSECT

PUTREADIDX 
*          0    0003f800    00000000     DSECT

.text.1    1    0000f000    00001000     
                  0000f000    00000209     driverlib_eabi.lib : sysctl.obj (.text:SysCtl_setClock)
                  0000f209    000000eb     device.obj (.text:Device_enableAllPeripherals)
                  0000f2f4    00000090     driverlib_eabi.lib : sysctl.obj (.text:SysCtl_selectXTAL)
                  0000f384    00000088     rts2800_fpu32_eabi.lib : fs_div28.asm.obj (.text)
                  0000f40c    00000083     main.obj (.text:main)
                  0000f48f    0000006f     driverlib_eabi.lib : adc.obj (.text:ADC_setINLTrim)
                  0000f4fe    00000068                        : sysctl.obj (.text:SysCtl_getDeviceParametric)
                  0000f566    00000060                        : adc.obj (.text:ADC_setOffsetTrim)
                  0000f5c6    00000052                        : gpio.obj (.text:GPIO_setPadConfig)
                  0000f618    00000051                        : sysctl.obj (.text:SysCtl_getClock)
                  0000f669    0000004f     main.obj (.text:INT_SCI0_RX_ISR)
                  0000f6b8    00000048     board.obj (.text:ADC0_init)
                  0000f700    00000048     main.obj (.text:INT_ADC0_1_ISR)
                  0000f748    00000048     main.obj (.text:INT_myCPUTIMER1_ISR)
                  0000f790    00000048     driverlib_eabi.lib : sysctl.obj (.text:SysCtl_selectOscSource)
                  0000f7d8    00000046     board.obj (.text:ADC_setupSOC)
                  0000f81e    00000045     driverlib_eabi.lib : sci.obj (.text:SCI_clearInterruptStatus)
                  0000f863    00000045                        : sci.obj (.text:SCI_disableInterrupt)
                  0000f8a8    00000044                        : sci.obj (.text:SCI_enableInterrupt)
                  0000f8ec    00000043     board.obj (.text:SCI0_init)
                  0000f92f    00000041     driverlib_eabi.lib : sci.obj (.text:SCI_writeCharArray)
                  0000f970    00000040     device.obj (.text:Device_init)
                  0000f9b0    0000003e     driverlib_eabi.lib : sci.obj (.text:SCI_setConfig)
                  0000f9ee    0000003d                        : interrupt.obj (.text:Interrupt_initModule)
                  0000fa2b    0000003b                        : sci.obj (.text:SCI_readCharArray)
                  0000fa66    00000037                        : gpio.obj (.text:GPIO_setPinConfig)
                  0000fa9d    00000037                        : gpio.obj (.text:GPIO_setQualificationMode)
                  0000fad4    00000037                        : interrupt.obj (.text:Interrupt_enable)
                  0000fb0b    00000031     device.obj (.text:Device_configureTMXAnalogTrim)
                  0000fb3c    0000002f     board.obj (.text:ADC_setInterruptSource)
                  0000fb6b    0000002f     driverlib_eabi.lib : adc.obj (.text:ADC_setMode)
                  0000fb9a    0000002e     board.obj (.text:ADC_setInterruptSOCTrigger)
                  0000fbc8    0000002e     rts2800_fpu32_eabi.lib : copy_decompress_lzss.c.obj (.text:decompress:lzss)
                  0000fbf6    0000002b                            : autoinit.c.obj (.text:__TI_auto_init_nobinit_nopinit)
                  0000fc21    00000029                            : exit.c.obj (.text)
                  0000fc4a    00000028     driverlib_eabi.lib : sysctl.obj (.text:CPUTimer_selectClockSource)
                  0000fc72    00000026     board.obj (.text:SCI_setFIFOInterruptLevel)
                  0000fc98    00000025     board.obj (.text:myCPUTIMER0_init)
                  0000fcbd    00000025     board.obj (.text:myCPUTIMER1_init)
                  0000fce2    00000021     board.obj (.text:ADC_disableContinuousMode)
                  0000fd03    00000020     board.obj (.text:ADC_enableInterrupt)
                  0000fd23    00000020     driverlib_eabi.lib : sci.obj (.text:SCI_isFIFOEnabled)
                  0000fd43    00000020     rts2800_fpu32_eabi.lib : memcpy.c.obj (.text)
                  0000fd63    0000001f     driverlib_eabi.lib : sysctl.obj (.text:CPUTimer_getTimerOverflowStatus)
                  0000fd82    0000001f     board.obj (.text:DAC_setShadowValue)
                  0000fda1    0000001f     main.obj (.text:DAC_setShadowValue)
                  0000fdc0    0000001f     board.obj (.text:PinMux_init)
                  0000fddf    0000001e     main.obj (.text:ADC_readResult)
                  0000fdfd    0000001e     driverlib_eabi.lib : interrupt.obj (.text:Interrupt_initVectorTable)
                  0000fe1b    0000001d     board.obj (.text:SCI_enableFIFO)
                  0000fe38    0000001c     board.obj (.text:ADC_setSOCPriority)
                  0000fe54    0000001c     scicomm.obj (.text:protocolSendArray)
                  0000fe70    0000001b     board.obj (.text:ADC_isBaseValid)
                  0000fe8b    0000001b     driverlib_eabi.lib : adc.obj (.text:ADC_isBaseValid)
                  0000fea6    0000001b     main.obj (.text:ADC_isBaseValid)
                  0000fec1    0000001b     board.obj (.text:SCI_isBaseValid)
                  0000fedc    0000001b     driverlib_eabi.lib : sci.obj (.text:SCI_isBaseValid)
                  0000fef7    0000001a     board.obj (.text:CPUTimer_startTimer)
                  0000ff11    0000001a     driverlib_eabi.lib : sysctl.obj (.text:CPUTimer_startTimer)
                  0000ff2b    0000001a                        : sci.obj (.text:SCI_isDataAvailableNonFIFO)
                  0000ff45    0000001a                        : sci.obj (.text:SCI_isSpaceAvailableNonFIFO)
                  0000ff5f    0000001a                        : sysctl.obj (.text:SysCtl_getLowSpeedClock)
                  0000ff79    00000019     board.obj (.text:INTERRUPT_init)
                  0000ff92    00000019     scicomm.obj (.text:protocolReceiveArray)
                  0000ffab    00000018     board.obj (.text:DAC0_init)
                  0000ffc3    00000018     driverlib_eabi.lib : sci.obj (.text:SCI_disableModule)
                  0000ffdb    00000018     board.obj (.text:SCI_performSoftwareReset)
                  0000fff3    0000000d     driverlib_eabi.lib : interrupt.obj (.text:Interrupt_disableGlobal)

.text.2    1    00010000    00000430     
                  00010000    00000018     driverlib_eabi.lib : sci.obj (.text:SCI_performSoftwareReset)
                  00010018    00000018     board.obj (.text:SCI_resetChannels)
                  00010030    00000018     board.obj (.text:SCI_resetRxFIFO)
                  00010048    00000018     board.obj (.text:SCI_resetTxFIFO)
                  00010060    00000018     device.obj (.text:SysCtl_disablePeripheral)
                  00010078    00000017     board.obj (.text:CPUTimer_isBaseValid)
                  0001008f    00000017     driverlib_eabi.lib : cputimer.obj (.text:CPUTimer_isBaseValid)
                  000100a6    00000017                        : sysctl.obj (.text:CPUTimer_isBaseValid)
                  000100bd    00000017     board.obj (.text:CPUTimer_setPreScaler)
                  000100d4    00000017     board.obj (.text:DAC_isBaseValid)
                  000100eb    00000017     main.obj (.text:DAC_isBaseValid)
                  00010102    00000017     device.obj (.text:SysCtl_enablePeripheral)
                  00010119    00000017     rts2800_fpu32_eabi.lib : boot28.asm.obj (.text)
                  00010130    00000016     board.obj (.text:ADC_setInterruptPulseMode)
                  00010146    00000016     board.obj (.text:ADC_setPrescaler)
                  0001015c    00000016     driverlib_eabi.lib : interrupt.obj (.text:Interrupt_defaultHandler)
                  00010172    00000015     board.obj (.text:ADC_disableBurstMode)
                  00010187    00000015     board.obj (.text:CPUTimer_enableInterrupt)
                  0001019c    00000015     board.obj (.text:DAC_enableOutput)
                  000101b1    00000015     board.obj (.text:DAC_setLoadMode)
                  000101c6    00000015     board.obj (.text:DAC_setReferenceVoltage)
                  000101db    00000014     board.obj (.text:ADC_clearInterruptStatus)
                  000101ef    00000014     main.obj (.text:ADC_clearInterruptStatus)
                  00010203    00000014     board.obj (.text:CPUTimer_reloadTimerCounter)
                  00010217    00000014     board.obj (.text:CPUTimer_stopTimer)
                  0001022b    00000014     driverlib_eabi.lib : sysctl.obj (.text:CPUTimer_stopTimer)
                  0001023f    00000014                        : sci.obj (.text:SCI_getRxFIFOStatus)
                  00010253    00000014                        : sci.obj (.text:SCI_getTxFIFOStatus)
                  00010267    00000014     device.obj (.text:SysCtl_deviceCal)
                  0001027b    00000013     board.obj (.text:ADC_enableConverter)
                  0001028e    00000013     driverlib_eabi.lib : cputimer.obj (.text:CPUTimer_setEmulationMode)
                  000102a1    00000013     board.obj (.text:SCI_clearOverflowStatus)
                  000102b4    00000013     board.obj (.text:SCI_enableModule)
                  000102c7    00000013     driverlib_eabi.lib : sci.obj (.text:SCI_enableModule)
                  000102da    00000012                        : sysctl.obj (.text:CPUTimer_clearOverflowFlag)
                  000102ec    00000012                        : sysctl.obj (.text:CPUTimer_disableInterrupt)
                  000102fe    00000012     rts2800_fpu32_eabi.lib : args_main.c.obj (.text)
                  00010310    00000011     board.obj (.text:CPUTimer_setPeriod)
                  00010321    00000011     driverlib_eabi.lib : sysctl.obj (.text:CPUTimer_setPeriod)
                  00010332    00000011     board.obj (.text:SCI_disableLoopback)
                  00010343    0000000f     board.obj (.text:Board_init)
                  00010352    0000000f     board.obj (.text:Interrupt_register)
                  00010361    0000000f     main.obj (.text:Interrupt_register)
                  00010370    0000000f     driverlib_eabi.lib : sysctl.obj (.text:SysCtl_pollCpuTimer)
                  0001037f    0000000e                        : gpio.obj (.text:GPIO_isPinValid)
                  0001038d    0000000d                        : interrupt.obj (.text:Interrupt_enableGlobal)
                  0001039a    0000000d     device.obj (.text:SysCtl_setLowSpeedClock)
                  000103a7    0000000d     rts2800_fpu32_eabi.lib : copy_zero_init.c.obj (.text:decompress:ZI:__TI_zero_init_nomemset)
                  000103b4    0000000b     device.obj (.text:SysCtl_disableWatchdog)
                  000103bf    0000000b     driverlib_eabi.lib : sysctl.obj (.text:SysCtl_isMCDClockFailureDetected)
                  000103ca    0000000b     rts2800_fpu32_eabi.lib : u_div28.asm.obj (.text)
                  000103d5    0000000a     driverlib_eabi.lib : interrupt.obj (.text:Interrupt_illegalOperationHandler)
                  000103df    0000000a                        : interrupt.obj (.text:Interrupt_nmiHandler)
                  000103e9    00000009                        : sysctl.obj (.text:SysCtl_serviceWatchdog)
                  000103f2    00000009     rts2800_fpu32_eabi.lib : _lock.c.obj (.text)
                  000103fb    00000008     F2837xD_CodeStartBranch.obj (.text)
                  00010403    00000008     rts2800_fpu32_eabi.lib : copy_decompress_none.c.obj (.text:decompress:none)
                  0001040b    00000007     driverlib_eabi.lib : sysctl.obj (.text:SysCtl_resetMCD)
                  00010412    00000007     device.obj (.text:__error__)
                  00010419    00000006     main.obj (.text:Interrupt_clearACKGroup)
                  0001041f    00000005     board.obj (.text:CPUTIMER_init)
                  00010424    00000003     board.obj (.text:ADC_init)
                  00010427    00000003     board.obj (.text:DAC_init)
                  0001042a    00000003     board.obj (.text:SCI_init)
                  0001042d    00000002     rts2800_fpu32_eabi.lib : pre_init.c.obj (.text)
                  0001042f    00000001                            : startup.c.obj (.text)

MODULE SUMMARY

       Module                        code   ro data   rw data
       ------                        ----   -------   -------
    .\
       main.obj                      506    124       306    
       scicomm.obj                   53     0         0      
    +--+-----------------------------+------+---------+---------+
       Total:                        559    124       306    
                                                             
    .\device\
       device.obj                    446    19        6      
       F2837xD_CodeStartBranch.obj   10     0         0      
    +--+-----------------------------+------+---------+---------+
       Total:                        456    19        6      
                                                             
    .\syscfg\
       board.obj                     1236   254       0      
    +--+-----------------------------+------+---------+---------+
       Total:                        1236   254       0      
                                                             
    C:\TI\C2000Ware_26_00_00_00\driverlib\f2837xd\driverlib\ccs\Debug\driverlib_eabi.lib
       sysctl.obj                    1187   194       0      
       sci.obj                       610    187       0      
       gpio.obj                      206    188       0      
       adc.obj                       281    93        0      
       interrupt.obj                 214    0         0      
       cputimer.obj                  42     98        0      
    +--+-----------------------------+------+---------+---------+
       Total:                        2540   760       0      
                                                             
    D:\CSS\ccs\tools\compiler\ti-cgt-c2000_25.11.0.LTS\lib\rts2800_fpu32_eabi.lib
       fs_div28.asm.obj              136    0         0      
       exit.c.obj                    41     0         6      
       copy_decompress_lzss.c.obj    46     0         0      
       autoinit.c.obj                43     0         0      
       memcpy.c.obj                  32     0         0      
       boot28.asm.obj                23     0         0      
       args_main.c.obj               18     0         0      
       _lock.c.obj                   9      0         4      
       copy_zero_init.c.obj          13     0         0      
       u_div28.asm.obj               11     0         0      
       copy_decompress_none.c.obj    8      0         0      
       pre_init.c.obj                2      0         0      
       startup.c.obj                 1      0         0      
    +--+-----------------------------+------+---------+---------+
       Total:                        383    0         10     
                                                             
       Stack:                        0      0         512    
       Linker Generated:             0      29        0      
    +--+-----------------------------+------+---------+---------+
       Grand Total:                  5174   1186      834    


LINKER GENERATED COPY TABLES

__TI_cinit_table @ 0000013e records: 2, size/record: 4, table size: 8
	.data: load addr=00000128, load size=0000000b bytes, run addr=0000adb4, run size=00000016 bytes, compression=lzss
	.bss: load addr=0000013a, load size=00000004 bytes, run addr=0000ac87, run size=0000012c bytes, compression=zero_init


LINKER GENERATED HANDLER TABLE

__TI_handler_table @ 00000134 records: 3, size/record: 2, table size: 6
	index: 0, handler: __TI_zero_init
	index: 1, handler: __TI_decompress_lzss
	index: 2, handler: __TI_decompress_none


GLOBAL DATA SYMBOLS: SORTED BY DATA PAGE

address     data page           name
--------    ----------------    ----
00000400      10 (00000400)     __stack

0000ac87     2b2 (0000ac80)     dac_buffer

0000ad4f     2b5 (0000ad40)     adc_buffer

0000adb4     2b6 (0000ad80)     Example_Result
0000adb6     2b6 (0000ad80)     Example_PassCount
0000adb8     2b6 (0000ad80)     Example_Fail
0000adba     2b6 (0000ad80)     g_cnt_adc
0000adbc     2b6 (0000ad80)     g_prot_header
0000adbe     2b6 (0000ad80)     gain

0000adc0     2b7 (0000adc0)     __TI_enable_exit_profile_output
0000adc2     2b7 (0000adc0)     __TI_cleanup_ptr
0000adc4     2b7 (0000adc0)     __TI_dtors_ptr
0000adc6     2b7 (0000adc0)     _lock
0000adc8     2b7 (0000adc0)     _unlock


GLOBAL SYMBOLS: SORTED ALPHABETICALLY BY Name 

page  address   name                             
----  -------   ----                             
1     0000f6b8  ADC0_init                        
1     00010424  ADC_init                         
1     0000f48f  ADC_setINLTrim                   
1     0000fb6b  ADC_setMode                      
1     0000f566  ADC_setOffsetTrim                
1     00010343  Board_init                       
1     0000fc21  C$$EXIT                          
1     0001041f  CPUTIMER_init                    
1     0001028e  CPUTimer_setEmulationMode        
1     0000ffab  DAC0_init                        
1     00010427  DAC_init                         
1     0000fb0b  Device_configureTMXAnalogTrim    
1     0000f209  Device_enableAllPeripherals      
1     0000f970  Device_init                      
1     0000adb8  Example_Fail                     
1     0000adb6  Example_PassCount                
1     0000adb4  Example_Result                   
1     0000f5c6  GPIO_setPadConfig                
1     0000fa66  GPIO_setPinConfig                
1     0000fa9d  GPIO_setQualificationMode        
1     0000ff79  INTERRUPT_init                   
1     0000f700  INT_ADC0_1_ISR                   
1     0000f669  INT_SCI0_RX_ISR                  
1     0000f748  INT_myCPUTIMER1_ISR              
1     0001015c  Interrupt_defaultHandler         
1     0000fad4  Interrupt_enable                 
1     000103d5  Interrupt_illegalOperationHandler
1     0000f9ee  Interrupt_initModule             
1     0000fdfd  Interrupt_initVectorTable        
1     000103df  Interrupt_nmiHandler             
1     0000fdc0  PinMux_init                      
1     0000f8ec  SCI0_init                        
1     0000f81e  SCI_clearInterruptStatus         
1     0000f863  SCI_disableInterrupt             
1     0000f8a8  SCI_enableInterrupt              
1     0001042a  SCI_init                         
1     0000fa2b  SCI_readCharArray                
1     0000f9b0  SCI_setConfig                    
1     0000f92f  SCI_writeCharArray               
0     00000123  SysCtl_delay                     
1     0000f618  SysCtl_getClock                  
1     0000f4fe  SysCtl_getDeviceParametric       
1     0000ff5f  SysCtl_getLowSpeedClock          
1     0000f790  SysCtl_selectOscSource           
1     0000f2f4  SysCtl_selectXTAL                
1     0000f000  SysCtl_setClock                  
0     0000013e  __TI_CINIT_Base                  
0     00000146  __TI_CINIT_Limit                 
0     00000146  __TI_CINIT_Warm                  
0     00000134  __TI_Handler_Table_Base          
0     0000013a  __TI_Handler_Table_Limit         
1     00000600  __TI_STACK_END                   
abs   00000200  __TI_STACK_SIZE                  
1     0000fbf6  __TI_auto_init_nobinit_nopinit   
1     0000adc2  __TI_cleanup_ptr                 
1     0000fbc8  __TI_decompress_lzss             
1     00010403  __TI_decompress_none             
1     0000adc4  __TI_dtors_ptr                   
1     0000adc0  __TI_enable_exit_profile_output  
abs   ffffffff  __TI_pprof_out_hndl              
abs   ffffffff  __TI_prof_data_size              
abs   ffffffff  __TI_prof_data_start             
1     000103a7  __TI_zero_init_nomemset          
1     0000f384  __c28xabi_divf                   
1     000103ca  __c28xabi_divu                   
1     000103cf  __c28xabi_modu                   
abs   ffffffff  __c_args__                       
1     00010412  __error__                        
1     00000400  __stack                          
1     000102fe  _args_main                       
1     00010119  _c_int00                         
1     0000adc6  _lock                            
1     000103fa  _nop                             
1     000103f6  _register_lock                   
1     000103f2  _register_unlock                 
1     0001042f  _system_post_cinit               
1     0001042d  _system_pre_init                 
1     0000adc8  _unlock                          
1     0000fc21  abort                            
1     0000ad4f  adc_buffer                       
0     00000000  code_start                       
1     0000ac87  dac_buffer                       
1     0000fc23  exit                             
1     0000adba  g_cnt_adc                        
1     0000adbc  g_prot_header                    
1     0000adbe  gain                             
1     0000f40c  main                             
1     0000fd43  memcpy                           
1     0000fc98  myCPUTIMER0_init                 
1     0000fcbd  myCPUTIMER1_init                 
1     0000ff92  protocolReceiveArray             
1     0000fe54  protocolSendArray                


GLOBAL SYMBOLS: SORTED BY Symbol Address 

page  address   name                             
----  -------   ----                             
0     00000000  code_start                       
0     00000123  SysCtl_delay                     
0     00000134  __TI_Handler_Table_Base          
0     0000013a  __TI_Handler_Table_Limit         
0     0000013e  __TI_CINIT_Base                  
0     00000146  __TI_CINIT_Limit                 
0     00000146  __TI_CINIT_Warm                  
1     00000400  __stack                          
1     00000600  __TI_STACK_END                   
1     0000ac87  dac_buffer                       
1     0000ad4f  adc_buffer                       
1     0000adb4  Example_Result                   
1     0000adb6  Example_PassCount                
1     0000adb8  Example_Fail                     
1     0000adba  g_cnt_adc                        
1     0000adbc  g_prot_header                    
1     0000adbe  gain                             
1     0000adc0  __TI_enable_exit_profile_output  
1     0000adc2  __TI_cleanup_ptr                 
1     0000adc4  __TI_dtors_ptr                   
1     0000adc6  _lock                            
1     0000adc8  _unlock                          
1     0000f000  SysCtl_setClock                  
1     0000f209  Device_enableAllPeripherals      
1     0000f2f4  SysCtl_selectXTAL                
1     0000f384  __c28xabi_divf                   
1     0000f40c  main                             
1     0000f48f  ADC_setINLTrim                   
1     0000f4fe  SysCtl_getDeviceParametric       
1     0000f566  ADC_setOffsetTrim                
1     0000f5c6  GPIO_setPadConfig                
1     0000f618  SysCtl_getClock                  
1     0000f669  INT_SCI0_RX_ISR                  
1     0000f6b8  ADC0_init                        
1     0000f700  INT_ADC0_1_ISR                   
1     0000f748  INT_myCPUTIMER1_ISR              
1     0000f790  SysCtl_selectOscSource           
1     0000f81e  SCI_clearInterruptStatus         
1     0000f863  SCI_disableInterrupt             
1     0000f8a8  SCI_enableInterrupt              
1     0000f8ec  SCI0_init                        
1     0000f92f  SCI_writeCharArray               
1     0000f970  Device_init                      
1     0000f9b0  SCI_setConfig                    
1     0000f9ee  Interrupt_initModule             
1     0000fa2b  SCI_readCharArray                
1     0000fa66  GPIO_setPinConfig                
1     0000fa9d  GPIO_setQualificationMode        
1     0000fad4  Interrupt_enable                 
1     0000fb0b  Device_configureTMXAnalogTrim    
1     0000fb6b  ADC_setMode                      
1     0000fbc8  __TI_decompress_lzss             
1     0000fbf6  __TI_auto_init_nobinit_nopinit   
1     0000fc21  C$$EXIT                          
1     0000fc21  abort                            
1     0000fc23  exit                             
1     0000fc98  myCPUTIMER0_init                 
1     0000fcbd  myCPUTIMER1_init                 
1     0000fd43  memcpy                           
1     0000fdc0  PinMux_init                      
1     0000fdfd  Interrupt_initVectorTable        
1     0000fe54  protocolSendArray                
1     0000ff5f  SysCtl_getLowSpeedClock          
1     0000ff79  INTERRUPT_init                   
1     0000ff92  protocolReceiveArray             
1     0000ffab  DAC0_init                        
1     00010119  _c_int00                         
1     0001015c  Interrupt_defaultHandler         
1     0001028e  CPUTimer_setEmulationMode        
1     000102fe  _args_main                       
1     00010343  Board_init                       
1     000103a7  __TI_zero_init_nomemset          
1     000103ca  __c28xabi_divu                   
1     000103cf  __c28xabi_modu                   
1     000103d5  Interrupt_illegalOperationHandler
1     000103df  Interrupt_nmiHandler             
1     000103f2  _register_unlock                 
1     000103f6  _register_lock                   
1     000103fa  _nop                             
1     00010403  __TI_decompress_none             
1     00010412  __error__                        
1     0001041f  CPUTIMER_init                    
1     00010424  ADC_init                         
1     00010427  DAC_init                         
1     0001042a  SCI_init                         
1     0001042d  _system_pre_init                 
1     0001042f  _system_post_cinit               
abs   00000200  __TI_STACK_SIZE                  
abs   ffffffff  __TI_pprof_out_hndl              
abs   ffffffff  __TI_prof_data_size              
abs   ffffffff  __TI_prof_data_start             
abs   ffffffff  __c_args__                       

[92 symbols]
