<?xml version="1.0" encoding="ISO-8859-1" ?>
<link_info>
   <banner>TMS320C2000 Linker PC v25.11.0.LTS</banner>
   <copyright>Copyright (c) 1996-2018 Texas Instruments Incorporated</copyright>
   <command_line>D:\CSS\ccs\tools\compiler\ti-cgt-c2000_25.11.0.LTS\bin\lnk2000.exe -lC:\\Users\\Bernardo\\AppData\\Local\\Temp\\{1146291F-1607-4122-926A-F01A0E039EDC}</command_line>
   <link_time>0x6a20f081</link_time>
   <link_errors>0x0</link_errors>
   <output_file>D:\Repositorio_TSISE\Estudos dirigidos\ED2\CPU1_RAM\dac_adc_ex.out</output_file>
   <entry_point>
      <name>code_start</name>
      <address>0x0</address>
   </entry_point>
   <input_file_list>
      <input_file id="fl-2">
         <path>D:\Repositorio_TSISE\Estudos dirigidos\ED2\CPU1_RAM\.\syscfg\</path>
         <kind>object</kind>
         <file>board.obj</file>
         <name>board.obj</name>
      </input_file>
      <input_file id="fl-3">
         <path>D:\Repositorio_TSISE\Estudos dirigidos\ED2\CPU1_RAM\.\syscfg\</path>
         <kind>object</kind>
         <file>c2000ware_libraries.obj</file>
         <name>c2000ware_libraries.obj</name>
      </input_file>
      <input_file id="fl-4">
         <path>D:\Repositorio_TSISE\Estudos dirigidos\ED2\CPU1_RAM\.\</path>
         <kind>object</kind>
         <file>main.obj</file>
         <name>main.obj</name>
      </input_file>
      <input_file id="fl-5">
         <path>D:\Repositorio_TSISE\Estudos dirigidos\ED2\CPU1_RAM\.\</path>
         <kind>object</kind>
         <file>scicomm.obj</file>
         <name>scicomm.obj</name>
      </input_file>
      <input_file id="fl-6">
         <path>D:\Repositorio_TSISE\Estudos dirigidos\ED2\CPU1_RAM\.\device\</path>
         <kind>object</kind>
         <file>F2837xD_CodeStartBranch.obj</file>
         <name>F2837xD_CodeStartBranch.obj</name>
      </input_file>
      <input_file id="fl-7">
         <path>D:\Repositorio_TSISE\Estudos dirigidos\ED2\CPU1_RAM\.\device\</path>
         <kind>object</kind>
         <file>device.obj</file>
         <name>device.obj</name>
      </input_file>
      <input_file id="fl-c">
         <path>D:\Repositorio_TSISE\Estudos dirigidos\ED2\CPU1_RAM\</path>
         <kind>object</kind>
         <file>&lt;internal&gt;</file>
         <name>&lt;internal&gt;</name>
      </input_file>
      <input_file id="fl-10">
         <path>C:\TI\C2000Ware_26_00_00_00\driverlib\f2837xd\driverlib\ccs\Debug\</path>
         <kind>archive</kind>
         <file>driverlib_eabi.lib</file>
         <name>adc.obj</name>
      </input_file>
      <input_file id="fl-11">
         <path>C:\TI\C2000Ware_26_00_00_00\driverlib\f2837xd\driverlib\ccs\Debug\</path>
         <kind>archive</kind>
         <file>driverlib_eabi.lib</file>
         <name>cputimer.obj</name>
      </input_file>
      <input_file id="fl-12">
         <path>C:\TI\C2000Ware_26_00_00_00\driverlib\f2837xd\driverlib\ccs\Debug\</path>
         <kind>archive</kind>
         <file>driverlib_eabi.lib</file>
         <name>gpio.obj</name>
      </input_file>
      <input_file id="fl-13">
         <path>C:\TI\C2000Ware_26_00_00_00\driverlib\f2837xd\driverlib\ccs\Debug\</path>
         <kind>archive</kind>
         <file>driverlib_eabi.lib</file>
         <name>interrupt.obj</name>
      </input_file>
      <input_file id="fl-14">
         <path>C:\TI\C2000Ware_26_00_00_00\driverlib\f2837xd\driverlib\ccs\Debug\</path>
         <kind>archive</kind>
         <file>driverlib_eabi.lib</file>
         <name>sci.obj</name>
      </input_file>
      <input_file id="fl-15">
         <path>C:\TI\C2000Ware_26_00_00_00\driverlib\f2837xd\driverlib\ccs\Debug\</path>
         <kind>archive</kind>
         <file>driverlib_eabi.lib</file>
         <name>sysctl.obj</name>
      </input_file>
      <input_file id="fl-21">
         <path>D:\CSS\ccs\tools\compiler\ti-cgt-c2000_25.11.0.LTS\lib\</path>
         <kind>archive</kind>
         <file>rts2800_fpu32_eabi.lib</file>
         <name>boot28.asm.obj</name>
      </input_file>
      <input_file id="fl-22">
         <path>D:\CSS\ccs\tools\compiler\ti-cgt-c2000_25.11.0.LTS\lib\</path>
         <kind>archive</kind>
         <file>rts2800_fpu32_eabi.lib</file>
         <name>fs_div28.asm.obj</name>
      </input_file>
      <input_file id="fl-23">
         <path>D:\CSS\ccs\tools\compiler\ti-cgt-c2000_25.11.0.LTS\lib\</path>
         <kind>archive</kind>
         <file>rts2800_fpu32_eabi.lib</file>
         <name>ll_cmp28.asm.obj</name>
      </input_file>
      <input_file id="fl-24">
         <path>D:\CSS\ccs\tools\compiler\ti-cgt-c2000_25.11.0.LTS\lib\</path>
         <kind>archive</kind>
         <file>rts2800_fpu32_eabi.lib</file>
         <name>u_div28.asm.obj</name>
      </input_file>
      <input_file id="fl-25">
         <path>D:\CSS\ccs\tools\compiler\ti-cgt-c2000_25.11.0.LTS\lib\</path>
         <kind>archive</kind>
         <file>rts2800_fpu32_eabi.lib</file>
         <name>pre_init.c.obj</name>
      </input_file>
      <input_file id="fl-26">
         <path>D:\CSS\ccs\tools\compiler\ti-cgt-c2000_25.11.0.LTS\lib\</path>
         <kind>archive</kind>
         <file>rts2800_fpu32_eabi.lib</file>
         <name>autoinit.c.obj</name>
      </input_file>
      <input_file id="fl-27">
         <path>D:\CSS\ccs\tools\compiler\ti-cgt-c2000_25.11.0.LTS\lib\</path>
         <kind>archive</kind>
         <file>rts2800_fpu32_eabi.lib</file>
         <name>copy_zero_init.c.obj</name>
      </input_file>
      <input_file id="fl-28">
         <path>D:\CSS\ccs\tools\compiler\ti-cgt-c2000_25.11.0.LTS\lib\</path>
         <kind>archive</kind>
         <file>rts2800_fpu32_eabi.lib</file>
         <name>copy_decompress_none.c.obj</name>
      </input_file>
      <input_file id="fl-29">
         <path>D:\CSS\ccs\tools\compiler\ti-cgt-c2000_25.11.0.LTS\lib\</path>
         <kind>archive</kind>
         <file>rts2800_fpu32_eabi.lib</file>
         <name>copy_decompress_lzss.c.obj</name>
      </input_file>
      <input_file id="fl-2a">
         <path>D:\CSS\ccs\tools\compiler\ti-cgt-c2000_25.11.0.LTS\lib\</path>
         <kind>archive</kind>
         <file>rts2800_fpu32_eabi.lib</file>
         <name>exit.c.obj</name>
      </input_file>
      <input_file id="fl-2b">
         <path>D:\CSS\ccs\tools\compiler\ti-cgt-c2000_25.11.0.LTS\lib\</path>
         <kind>archive</kind>
         <file>rts2800_fpu32_eabi.lib</file>
         <name>_lock.c.obj</name>
      </input_file>
      <input_file id="fl-2c">
         <path>D:\CSS\ccs\tools\compiler\ti-cgt-c2000_25.11.0.LTS\lib\</path>
         <kind>archive</kind>
         <file>rts2800_fpu32_eabi.lib</file>
         <name>args_main.c.obj</name>
      </input_file>
      <input_file id="fl-2d">
         <path>D:\CSS\ccs\tools\compiler\ti-cgt-c2000_25.11.0.LTS\lib\</path>
         <kind>archive</kind>
         <file>rts2800_fpu32_eabi.lib</file>
         <name>memset.c.obj</name>
      </input_file>
      <input_file id="fl-2e">
         <path>D:\CSS\ccs\tools\compiler\ti-cgt-c2000_25.11.0.LTS\lib\</path>
         <kind>archive</kind>
         <file>rts2800_fpu32_eabi.lib</file>
         <name>cpy_tbl.c.obj</name>
      </input_file>
      <input_file id="fl-2f">
         <path>D:\CSS\ccs\tools\compiler\ti-cgt-c2000_25.11.0.LTS\lib\</path>
         <kind>archive</kind>
         <file>rts2800_fpu32_eabi.lib</file>
         <name>memcpy.c.obj</name>
      </input_file>
      <input_file id="fl-30">
         <path>D:\CSS\ccs\tools\compiler\ti-cgt-c2000_25.11.0.LTS\lib\</path>
         <kind>archive</kind>
         <file>rts2800_fpu32_eabi.lib</file>
         <name>startup.c.obj</name>
      </input_file>
   </input_file_list>
   <object_component_list>
      <object_component id="oc-2d">
         <name>codestart</name>
         <load_address>0x0</load_address>
         <readonly>true</readonly>
         <executable>true</executable>
         <run_address>0x0</run_address>
         <size>0x2</size>
         <alignment>0x1</alignment>
         <input_file_ref idref="fl-6"/>
      </object_component>
      <object_component id="oc-157">
         <name>.text:SysCtl_setClock</name>
         <load_address>0xf000</load_address>
         <readonly>true</readonly>
         <executable>true</executable>
         <run_address>0xf000</run_address>
         <size>0x209</size>
         <alignment>0x1</alignment>
         <input_file_ref idref="fl-15"/>
      </object_component>
      <object_component id="oc-176">
         <name>.text:Device_enableAllPeripherals</name>
         <load_address>0xf209</load_address>
         <readonly>true</readonly>
         <executable>true</executable>
         <run_address>0xf209</run_address>
         <size>0xeb</size>
         <alignment>0x1</alignment>
         <input_file_ref idref="fl-7"/>
      </object_component>
      <object_component id="oc-2bc">
         <name>.text:SysCtl_selectXTAL</name>
         <load_address>0xf2f4</load_address>
         <readonly>true</readonly>
         <executable>true</executable>
         <run_address>0xf2f4</run_address>
         <size>0x90</size>
         <alignment>0x1</alignment>
         <input_file_ref idref="fl-15"/>
      </object_component>
      <object_component id="oc-21e">
         <name>.text</name>
         <load_address>0xf384</load_address>
         <readonly>true</readonly>
         <executable>true</executable>
         <run_address>0xf384</run_address>
         <size>0x88</size>
         <alignment>0x1</alignment>
         <input_file_ref idref="fl-22"/>
      </object_component>
      <object_component id="oc-37">
         <name>.text:main</name>
         <load_address>0xf40c</load_address>
         <readonly>true</readonly>
         <executable>true</executable>
         <run_address>0xf40c</run_address>
         <size>0x83</size>
         <alignment>0x1</alignment>
         <input_file_ref idref="fl-4"/>
      </object_component>
      <object_component id="oc-40a">
         <name>.text:ADC_setINLTrim</name>
         <load_address>0xf48f</load_address>
         <readonly>true</readonly>
         <executable>true</executable>
         <run_address>0xf48f</run_address>
         <size>0x6f</size>
         <alignment>0x1</alignment>
         <input_file_ref idref="fl-10"/>
      </object_component>
      <object_component id="oc-14b">
         <name>.text:SysCtl_getDeviceParametric</name>
         <load_address>0xf4fe</load_address>
         <readonly>true</readonly>
         <executable>true</executable>
         <run_address>0xf4fe</run_address>
         <size>0x68</size>
         <alignment>0x1</alignment>
         <input_file_ref idref="fl-15"/>
      </object_component>
      <object_component id="oc-410">
         <name>.text:ADC_setOffsetTrim</name>
         <load_address>0xf566</load_address>
         <readonly>true</readonly>
         <executable>true</executable>
         <run_address>0xf566</run_address>
         <size>0x60</size>
         <alignment>0x1</alignment>
         <input_file_ref idref="fl-10"/>
      </object_component>
      <object_component id="oc-235">
         <name>.text:GPIO_setPadConfig</name>
         <load_address>0xf5c6</load_address>
         <readonly>true</readonly>
         <executable>true</executable>
         <run_address>0xf5c6</run_address>
         <size>0x52</size>
         <alignment>0x1</alignment>
         <input_file_ref idref="fl-12"/>
      </object_component>
      <object_component id="oc-163">
         <name>.text:SysCtl_getClock</name>
         <load_address>0xf618</load_address>
         <readonly>true</readonly>
         <executable>true</executable>
         <run_address>0xf618</run_address>
         <size>0x51</size>
         <alignment>0x1</alignment>
         <input_file_ref idref="fl-15"/>
      </object_component>
      <object_component id="oc-32">
         <name>.text:INT_SCI0_RX_ISR</name>
         <load_address>0xf669</load_address>
         <readonly>true</readonly>
         <executable>true</executable>
         <run_address>0xf669</run_address>
         <size>0x4f</size>
         <alignment>0x1</alignment>
         <input_file_ref idref="fl-4"/>
      </object_component>
      <object_component id="oc-242">
         <name>.text:ADC0_init</name>
         <load_address>0xf6b8</load_address>
         <readonly>true</readonly>
         <executable>true</executable>
         <run_address>0xf6b8</run_address>
         <size>0x48</size>
         <alignment>0x1</alignment>
         <input_file_ref idref="fl-2"/>
      </object_component>
      <object_component id="oc-3e">
         <name>.text:INT_ADC0_1_ISR</name>
         <load_address>0xf700</load_address>
         <readonly>true</readonly>
         <executable>true</executable>
         <run_address>0xf700</run_address>
         <size>0x48</size>
         <alignment>0x1</alignment>
         <input_file_ref idref="fl-4"/>
      </object_component>
      <object_component id="oc-4a">
         <name>.text:INT_myCPUTIMER1_ISR</name>
         <load_address>0xf748</load_address>
         <readonly>true</readonly>
         <executable>true</executable>
         <run_address>0xf748</run_address>
         <size>0x48</size>
         <alignment>0x1</alignment>
         <input_file_ref idref="fl-4"/>
      </object_component>
      <object_component id="oc-211">
         <name>.text:SysCtl_selectOscSource</name>
         <load_address>0xf790</load_address>
         <readonly>true</readonly>
         <executable>true</executable>
         <run_address>0xf790</run_address>
         <size>0x48</size>
         <alignment>0x1</alignment>
         <input_file_ref idref="fl-15"/>
      </object_component>
      <object_component id="oc-2f4">
         <name>.text:ADC_setupSOC</name>
         <load_address>0xf7d8</load_address>
         <readonly>true</readonly>
         <executable>true</executable>
         <run_address>0xf7d8</run_address>
         <size>0x46</size>
         <alignment>0x1</alignment>
         <input_file_ref idref="fl-2"/>
      </object_component>
      <object_component id="oc-91">
         <name>.text:SCI_clearInterruptStatus</name>
         <load_address>0xf81e</load_address>
         <readonly>true</readonly>
         <executable>true</executable>
         <run_address>0xf81e</run_address>
         <size>0x45</size>
         <alignment>0x1</alignment>
         <input_file_ref idref="fl-14"/>
      </object_component>
      <object_component id="oc-8b">
         <name>.text:SCI_disableInterrupt</name>
         <load_address>0xf863</load_address>
         <readonly>true</readonly>
         <executable>true</executable>
         <run_address>0xf863</run_address>
         <size>0x45</size>
         <alignment>0x1</alignment>
         <input_file_ref idref="fl-14"/>
      </object_component>
      <object_component id="oc-d7">
         <name>.text:SCI_enableInterrupt</name>
         <load_address>0xf8a8</load_address>
         <readonly>true</readonly>
         <executable>true</executable>
         <run_address>0xf8a8</run_address>
         <size>0x44</size>
         <alignment>0x1</alignment>
         <input_file_ref idref="fl-14"/>
      </object_component>
      <object_component id="oc-25d">
         <name>.text:SCI0_init</name>
         <load_address>0xf8ec</load_address>
         <readonly>true</readonly>
         <executable>true</executable>
         <run_address>0xf8ec</run_address>
         <size>0x43</size>
         <alignment>0x1</alignment>
         <input_file_ref idref="fl-2"/>
      </object_component>
      <object_component id="oc-1b6">
         <name>.text:SCI_writeCharArray</name>
         <load_address>0xf92f</load_address>
         <readonly>true</readonly>
         <executable>true</executable>
         <run_address>0xf92f</run_address>
         <size>0x41</size>
         <alignment>0x1</alignment>
         <input_file_ref idref="fl-14"/>
      </object_component>
      <object_component id="oc-a2">
         <name>.text:Device_init</name>
         <load_address>0xf970</load_address>
         <readonly>true</readonly>
         <executable>true</executable>
         <run_address>0xf970</run_address>
         <size>0x40</size>
         <alignment>0x1</alignment>
         <input_file_ref idref="fl-7"/>
      </object_component>
      <object_component id="oc-376">
         <name>.text:SCI_setConfig</name>
         <load_address>0xf9b0</load_address>
         <readonly>true</readonly>
         <executable>true</executable>
         <run_address>0xf9b0</run_address>
         <size>0x3e</size>
         <alignment>0x1</alignment>
         <input_file_ref idref="fl-14"/>
      </object_component>
      <object_component id="oc-a8">
         <name>.text:Interrupt_initModule</name>
         <load_address>0xf9ee</load_address>
         <readonly>true</readonly>
         <executable>true</executable>
         <run_address>0xf9ee</run_address>
         <size>0x3d</size>
         <alignment>0x1</alignment>
         <input_file_ref idref="fl-13"/>
      </object_component>
      <object_component id="oc-85">
         <name>.text:SCI_readCharArray</name>
         <load_address>0xfa2b</load_address>
         <readonly>true</readonly>
         <executable>true</executable>
         <run_address>0xfa2b</run_address>
         <size>0x3b</size>
         <alignment>0x1</alignment>
         <input_file_ref idref="fl-14"/>
      </object_component>
      <object_component id="oc-22f">
         <name>.text:GPIO_setPinConfig</name>
         <load_address>0xfa66</load_address>
         <readonly>true</readonly>
         <executable>true</executable>
         <run_address>0xfa66</run_address>
         <size>0x37</size>
         <alignment>0x1</alignment>
         <input_file_ref idref="fl-12"/>
      </object_component>
      <object_component id="oc-23b">
         <name>.text:GPIO_setQualificationMode</name>
         <load_address>0xfa9d</load_address>
         <readonly>true</readonly>
         <executable>true</executable>
         <run_address>0xfa9d</run_address>
         <size>0x37</size>
         <alignment>0x1</alignment>
         <input_file_ref idref="fl-12"/>
      </object_component>
      <object_component id="oc-ba">
         <name>.text:Interrupt_enable</name>
         <load_address>0xfad4</load_address>
         <readonly>true</readonly>
         <executable>true</executable>
         <run_address>0xfad4</run_address>
         <size>0x37</size>
         <alignment>0x1</alignment>
         <input_file_ref idref="fl-13"/>
      </object_component>
      <object_component id="oc-151">
         <name>.text:Device_configureTMXAnalogTrim</name>
         <load_address>0xfb0b</load_address>
         <readonly>true</readonly>
         <executable>true</executable>
         <run_address>0xfb0b</run_address>
         <size>0x31</size>
         <alignment>0x1</alignment>
         <input_file_ref idref="fl-7"/>
      </object_component>
      <object_component id="oc-300">
         <name>.text:ADC_setInterruptSource</name>
         <load_address>0xfb3c</load_address>
         <readonly>true</readonly>
         <executable>true</executable>
         <run_address>0xfb3c</run_address>
         <size>0x2f</size>
         <alignment>0x1</alignment>
         <input_file_ref idref="fl-2"/>
      </object_component>
      <object_component id="oc-2d6">
         <name>.text:ADC_setMode</name>
         <load_address>0xfb6b</load_address>
         <readonly>true</readonly>
         <executable>true</executable>
         <run_address>0xfb6b</run_address>
         <size>0x2f</size>
         <alignment>0x1</alignment>
         <input_file_ref idref="fl-10"/>
      </object_component>
      <object_component id="oc-2fa">
         <name>.text:ADC_setInterruptSOCTrigger</name>
         <load_address>0xfb9a</load_address>
         <readonly>true</readonly>
         <executable>true</executable>
         <run_address>0xfb9a</run_address>
         <size>0x2e</size>
         <alignment>0x1</alignment>
         <input_file_ref idref="fl-2"/>
      </object_component>
      <object_component id="oc-20">
         <name>.text:decompress:lzss</name>
         <load_address>0xfbc8</load_address>
         <readonly>true</readonly>
         <executable>true</executable>
         <run_address>0xfbc8</run_address>
         <size>0x2e</size>
         <alignment>0x1</alignment>
         <input_file_ref idref="fl-29"/>
      </object_component>
      <object_component id="oc-27c">
         <name>.text:__TI_auto_init_nobinit_nopinit</name>
         <load_address>0xfbf6</load_address>
         <readonly>true</readonly>
         <executable>true</executable>
         <run_address>0xfbf6</run_address>
         <size>0x2b</size>
         <alignment>0x1</alignment>
         <input_file_ref idref="fl-26"/>
      </object_component>
      <object_component id="oc-1ea">
         <name>.text</name>
         <load_address>0xfc21</load_address>
         <readonly>true</readonly>
         <executable>true</executable>
         <run_address>0xfc21</run_address>
         <size>0x29</size>
         <alignment>0x1</alignment>
         <input_file_ref idref="fl-2a"/>
      </object_component>
      <object_component id="oc-3d8">
         <name>.text:CPUTimer_selectClockSource</name>
         <load_address>0xfc4a</load_address>
         <readonly>true</readonly>
         <executable>true</executable>
         <run_address>0xfc4a</run_address>
         <size>0x28</size>
         <alignment>0x1</alignment>
         <input_file_ref idref="fl-15"/>
      </object_component>
      <object_component id="oc-388">
         <name>.text:SCI_setFIFOInterruptLevel</name>
         <load_address>0xfc72</load_address>
         <readonly>true</readonly>
         <executable>true</executable>
         <run_address>0xfc72</run_address>
         <size>0x26</size>
         <alignment>0x1</alignment>
         <input_file_ref idref="fl-2"/>
      </object_component>
      <object_component id="oc-249">
         <name>.text:myCPUTIMER0_init</name>
         <load_address>0xfc98</load_address>
         <readonly>true</readonly>
         <executable>true</executable>
         <run_address>0xfc98</run_address>
         <size>0x25</size>
         <alignment>0x1</alignment>
         <input_file_ref idref="fl-2"/>
      </object_component>
      <object_component id="oc-24f">
         <name>.text:myCPUTIMER1_init</name>
         <load_address>0xfcbd</load_address>
         <readonly>true</readonly>
         <executable>true</executable>
         <run_address>0xfcbd</run_address>
         <size>0x25</size>
         <alignment>0x1</alignment>
         <input_file_ref idref="fl-2"/>
      </object_component>
      <object_component id="oc-30c">
         <name>.text:ADC_disableContinuousMode</name>
         <load_address>0xfce2</load_address>
         <readonly>true</readonly>
         <executable>true</executable>
         <run_address>0xfce2</run_address>
         <size>0x21</size>
         <alignment>0x1</alignment>
         <input_file_ref idref="fl-2"/>
      </object_component>
      <object_component id="oc-312">
         <name>.text:ADC_enableInterrupt</name>
         <load_address>0xfd03</load_address>
         <readonly>true</readonly>
         <executable>true</executable>
         <run_address>0xfd03</run_address>
         <size>0x20</size>
         <alignment>0x1</alignment>
         <input_file_ref idref="fl-2"/>
      </object_component>
      <object_component id="oc-123">
         <name>.text:SCI_isFIFOEnabled</name>
         <load_address>0xfd23</load_address>
         <readonly>true</readonly>
         <executable>true</executable>
         <run_address>0xfd23</run_address>
         <size>0x20</size>
         <alignment>0x1</alignment>
         <input_file_ref idref="fl-14"/>
      </object_component>
      <object_component id="oc-6b">
         <name>.text</name>
         <load_address>0xfd43</load_address>
         <readonly>true</readonly>
         <executable>true</executable>
         <run_address>0xfd43</run_address>
         <size>0x20</size>
         <alignment>0x1</alignment>
         <input_file_ref idref="fl-2f"/>
      </object_component>
      <object_component id="oc-477">
         <name>.text:CPUTimer_getTimerOverflowStatus</name>
         <load_address>0xfd63</load_address>
         <readonly>true</readonly>
         <executable>true</executable>
         <run_address>0xfd63</run_address>
         <size>0x1f</size>
         <alignment>0x1</alignment>
         <input_file_ref idref="fl-15"/>
      </object_component>
      <object_component id="oc-357">
         <name>.text:DAC_setShadowValue</name>
         <load_address>0xfd82</load_address>
         <readonly>true</readonly>
         <executable>true</executable>
         <run_address>0xfd82</run_address>
         <size>0x1f</size>
         <alignment>0x1</alignment>
         <input_file_ref idref="fl-2"/>
      </object_component>
      <object_component id="oc-f3">
         <name>.text:DAC_setShadowValue</name>
         <load_address>0xfda1</load_address>
         <readonly>true</readonly>
         <executable>true</executable>
         <run_address>0xfda1</run_address>
         <size>0x1f</size>
         <alignment>0x1</alignment>
         <input_file_ref idref="fl-4"/>
      </object_component>
      <object_component id="oc-188">
         <name>.text:PinMux_init</name>
         <load_address>0xfdc0</load_address>
         <readonly>true</readonly>
         <executable>true</executable>
         <run_address>0xfdc0</run_address>
         <size>0x1f</size>
         <alignment>0x1</alignment>
         <input_file_ref idref="fl-2"/>
      </object_component>
      <object_component id="oc-de">
         <name>.text:ADC_readResult</name>
         <load_address>0xfddf</load_address>
         <readonly>true</readonly>
         <executable>true</executable>
         <run_address>0xfddf</run_address>
         <size>0x1e</size>
         <alignment>0x1</alignment>
         <input_file_ref idref="fl-4"/>
      </object_component>
      <object_component id="oc-54">
         <name>.text:Interrupt_initVectorTable</name>
         <load_address>0xfdfd</load_address>
         <readonly>true</readonly>
         <executable>true</executable>
         <run_address>0xfdfd</run_address>
         <size>0x1e</size>
         <alignment>0x1</alignment>
         <input_file_ref idref="fl-13"/>
      </object_component>
      <object_component id="oc-38e">
         <name>.text:SCI_enableFIFO</name>
         <load_address>0xfe1b</load_address>
         <readonly>true</readonly>
         <executable>true</executable>
         <run_address>0xfe1b</run_address>
         <size>0x1d</size>
         <alignment>0x1</alignment>
         <input_file_ref idref="fl-2"/>
      </object_component>
      <object_component id="oc-2ee">
         <name>.text:ADC_setSOCPriority</name>
         <load_address>0xfe38</load_address>
         <readonly>true</readonly>
         <executable>true</executable>
         <run_address>0xfe38</run_address>
         <size>0x1c</size>
         <alignment>0x1</alignment>
         <input_file_ref idref="fl-2"/>
      </object_component>
      <object_component id="oc-d1">
         <name>.text:protocolSendArray</name>
         <load_address>0xfe54</load_address>
         <readonly>true</readonly>
         <executable>true</executable>
         <run_address>0xfe54</run_address>
         <size>0x1c</size>
         <alignment>0x1</alignment>
         <input_file_ref idref="fl-5"/>
      </object_component>
      <object_component id="oc-3fb">
         <name>.text:ADC_isBaseValid</name>
         <load_address>0xfe70</load_address>
         <readonly>true</readonly>
         <executable>true</executable>
         <run_address>0xfe70</run_address>
         <size>0x1b</size>
         <alignment>0x1</alignment>
         <input_file_ref idref="fl-2"/>
      </object_component>
      <object_component id="oc-403">
         <name>.text:ADC_isBaseValid</name>
         <load_address>0xfe8b</load_address>
         <readonly>true</readonly>
         <executable>true</executable>
         <run_address>0xfe8b</run_address>
         <size>0x1b</size>
         <alignment>0x1</alignment>
         <input_file_ref idref="fl-10"/>
      </object_component>
      <object_component id="oc-1c0">
         <name>.text:ADC_isBaseValid</name>
         <load_address>0xfea6</load_address>
         <readonly>true</readonly>
         <executable>true</executable>
         <run_address>0xfea6</run_address>
         <size>0x1b</size>
         <alignment>0x1</alignment>
         <input_file_ref idref="fl-4"/>
      </object_component>
      <object_component id="oc-441">
         <name>.text:SCI_isBaseValid</name>
         <load_address>0xfec1</load_address>
         <readonly>true</readonly>
         <executable>true</executable>
         <run_address>0xfec1</run_address>
         <size>0x1b</size>
         <alignment>0x1</alignment>
         <input_file_ref idref="fl-2"/>
      </object_component>
      <object_component id="oc-116">
         <name>.text:SCI_isBaseValid</name>
         <load_address>0xfedc</load_address>
         <readonly>true</readonly>
         <executable>true</executable>
         <run_address>0xfedc</run_address>
         <size>0x1b</size>
         <alignment>0x1</alignment>
         <input_file_ref idref="fl-14"/>
      </object_component>
      <object_component id="oc-33d">
         <name>.text:CPUTimer_startTimer</name>
         <load_address>0xfef7</load_address>
         <readonly>true</readonly>
         <executable>true</executable>
         <run_address>0xfef7</run_address>
         <size>0x1a</size>
         <alignment>0x1</alignment>
         <input_file_ref idref="fl-2"/>
      </object_component>
      <object_component id="oc-3e4">
         <name>.text:CPUTimer_startTimer</name>
         <load_address>0xff11</load_address>
         <readonly>true</readonly>
         <executable>true</executable>
         <run_address>0xff11</run_address>
         <size>0x1a</size>
         <alignment>0x1</alignment>
         <input_file_ref idref="fl-15"/>
      </object_component>
      <object_component id="oc-12f">
         <name>.text:SCI_isDataAvailableNonFIFO</name>
         <load_address>0xff2b</load_address>
         <readonly>true</readonly>
         <executable>true</executable>
         <run_address>0xff2b</run_address>
         <size>0x1a</size>
         <alignment>0x1</alignment>
         <input_file_ref idref="fl-14"/>
      </object_component>
      <object_component id="oc-26e">
         <name>.text:SCI_isSpaceAvailableNonFIFO</name>
         <load_address>0xff45</load_address>
         <readonly>true</readonly>
         <executable>true</executable>
         <run_address>0xff45</run_address>
         <size>0x1a</size>
         <alignment>0x1</alignment>
         <input_file_ref idref="fl-14"/>
      </object_component>
      <object_component id="oc-16a">
         <name>.text:SysCtl_getLowSpeedClock</name>
         <load_address>0xff5f</load_address>
         <readonly>true</readonly>
         <executable>true</executable>
         <run_address>0xff5f</run_address>
         <size>0x1a</size>
         <alignment>0x1</alignment>
         <input_file_ref idref="fl-15"/>
      </object_component>
      <object_component id="oc-3f">
         <name>.text:INTERRUPT_init</name>
         <load_address>0xff79</load_address>
         <readonly>true</readonly>
         <executable>true</executable>
         <run_address>0xff79</run_address>
         <size>0x19</size>
         <alignment>0x1</alignment>
         <input_file_ref idref="fl-2"/>
      </object_component>
      <object_component id="oc-c6">
         <name>.text:protocolReceiveArray</name>
         <load_address>0xff92</load_address>
         <readonly>true</readonly>
         <executable>true</executable>
         <run_address>0xff92</run_address>
         <size>0x19</size>
         <alignment>0x1</alignment>
         <input_file_ref idref="fl-5"/>
      </object_component>
      <object_component id="oc-256">
         <name>.text:DAC0_init</name>
         <load_address>0xffab</load_address>
         <readonly>true</readonly>
         <executable>true</executable>
         <run_address>0xffab</run_address>
         <size>0x18</size>
         <alignment>0x1</alignment>
         <input_file_ref idref="fl-2"/>
      </object_component>
      <object_component id="oc-44b">
         <name>.text:SCI_disableModule</name>
         <load_address>0xffc3</load_address>
         <readonly>true</readonly>
         <executable>true</executable>
         <run_address>0xffc3</run_address>
         <size>0x18</size>
         <alignment>0x1</alignment>
         <input_file_ref idref="fl-14"/>
      </object_component>
      <object_component id="oc-382">
         <name>.text:SCI_performSoftwareReset</name>
         <load_address>0xffdb</load_address>
         <readonly>true</readonly>
         <executable>true</executable>
         <run_address>0xffdb</run_address>
         <size>0x18</size>
         <alignment>0x1</alignment>
         <input_file_ref idref="fl-2"/>
      </object_component>
      <object_component id="oc-181">
         <name>.text:Interrupt_disableGlobal</name>
         <load_address>0xfff3</load_address>
         <readonly>true</readonly>
         <executable>true</executable>
         <run_address>0xfff3</run_address>
         <size>0xd</size>
         <alignment>0x1</alignment>
         <input_file_ref idref="fl-13"/>
      </object_component>
      <object_component id="oc-138">
         <name>.text:SCI_performSoftwareReset</name>
         <load_address>0x10000</load_address>
         <readonly>true</readonly>
         <executable>true</executable>
         <run_address>0x10000</run_address>
         <size>0x18</size>
         <alignment>0x1</alignment>
         <input_file_ref idref="fl-14"/>
      </object_component>
      <object_component id="oc-370">
         <name>.text:SCI_resetChannels</name>
         <load_address>0x10018</load_address>
         <readonly>true</readonly>
         <executable>true</executable>
         <run_address>0x10018</run_address>
         <size>0x18</size>
         <alignment>0x1</alignment>
         <input_file_ref idref="fl-2"/>
      </object_component>
      <object_component id="oc-36a">
         <name>.text:SCI_resetRxFIFO</name>
         <load_address>0x10030</load_address>
         <readonly>true</readonly>
         <executable>true</executable>
         <run_address>0x10030</run_address>
         <size>0x18</size>
         <alignment>0x1</alignment>
         <input_file_ref idref="fl-2"/>
      </object_component>
      <object_component id="oc-364">
         <name>.text:SCI_resetTxFIFO</name>
         <load_address>0x10048</load_address>
         <readonly>true</readonly>
         <executable>true</executable>
         <run_address>0x10048</run_address>
         <size>0x18</size>
         <alignment>0x1</alignment>
         <input_file_ref idref="fl-2"/>
      </object_component>
      <object_component id="oc-203">
         <name>.text:SysCtl_disablePeripheral</name>
         <load_address>0x10060</load_address>
         <readonly>true</readonly>
         <executable>true</executable>
         <run_address>0x10060</run_address>
         <size>0x18</size>
         <alignment>0x1</alignment>
         <input_file_ref idref="fl-7"/>
      </object_component>
      <object_component id="oc-42b">
         <name>.text:CPUTimer_isBaseValid</name>
         <load_address>0x10078</load_address>
         <readonly>true</readonly>
         <executable>true</executable>
         <run_address>0x10078</run_address>
         <size>0x17</size>
         <alignment>0x1</alignment>
         <input_file_ref idref="fl-2"/>
      </object_component>
      <object_component id="oc-422">
         <name>.text:CPUTimer_isBaseValid</name>
         <load_address>0x1008f</load_address>
         <readonly>true</readonly>
         <executable>true</executable>
         <run_address>0x1008f</run_address>
         <size>0x17</size>
         <alignment>0x1</alignment>
         <input_file_ref idref="fl-11"/>
      </object_component>
      <object_component id="oc-46b">
         <name>.text:CPUTimer_isBaseValid</name>
         <load_address>0x100a6</load_address>
         <readonly>true</readonly>
         <executable>true</executable>
         <run_address>0x100a6</run_address>
         <size>0x17</size>
         <alignment>0x1</alignment>
         <input_file_ref idref="fl-15"/>
      </object_component>
      <object_component id="oc-31f">
         <name>.text:CPUTimer_setPreScaler</name>
         <load_address>0x100bd</load_address>
         <readonly>true</readonly>
         <executable>true</executable>
         <run_address>0x100bd</run_address>
         <size>0x17</size>
         <alignment>0x1</alignment>
         <input_file_ref idref="fl-2"/>
      </object_component>
      <object_component id="oc-437">
         <name>.text:DAC_isBaseValid</name>
         <load_address>0x100d4</load_address>
         <readonly>true</readonly>
         <executable>true</executable>
         <run_address>0x100d4</run_address>
         <size>0x17</size>
         <alignment>0x1</alignment>
         <input_file_ref idref="fl-2"/>
      </object_component>
      <object_component id="oc-1cb">
         <name>.text:DAC_isBaseValid</name>
         <load_address>0x100eb</load_address>
         <readonly>true</readonly>
         <executable>true</executable>
         <run_address>0x100eb</run_address>
         <size>0x17</size>
         <alignment>0x1</alignment>
         <input_file_ref idref="fl-4"/>
      </object_component>
      <object_component id="oc-1fd">
         <name>.text:SysCtl_enablePeripheral</name>
         <load_address>0x10102</load_address>
         <readonly>true</readonly>
         <executable>true</executable>
         <run_address>0x10102</run_address>
         <size>0x17</size>
         <alignment>0x1</alignment>
         <input_file_ref idref="fl-7"/>
      </object_component>
      <object_component id="oc-110">
         <name>.text</name>
         <load_address>0x10119</load_address>
         <readonly>true</readonly>
         <executable>true</executable>
         <run_address>0x10119</run_address>
         <size>0x17</size>
         <alignment>0x1</alignment>
         <input_file_ref idref="fl-21"/>
      </object_component>
      <object_component id="oc-2dc">
         <name>.text:ADC_setInterruptPulseMode</name>
         <load_address>0x10130</load_address>
         <readonly>true</readonly>
         <executable>true</executable>
         <run_address>0x10130</run_address>
         <size>0x16</size>
         <alignment>0x1</alignment>
         <input_file_ref idref="fl-2"/>
      </object_component>
      <object_component id="oc-2d0">
         <name>.text:ADC_setPrescaler</name>
         <load_address>0x10146</load_address>
         <readonly>true</readonly>
         <executable>true</executable>
         <run_address>0x10146</run_address>
         <size>0x16</size>
         <alignment>0x1</alignment>
         <input_file_ref idref="fl-2"/>
      </object_component>
      <object_component id="oc-50">
         <name>.text:Interrupt_defaultHandler</name>
         <load_address>0x1015c</load_address>
         <readonly>true</readonly>
         <executable>true</executable>
         <run_address>0x1015c</run_address>
         <size>0x16</size>
         <alignment>0x1</alignment>
         <input_file_ref idref="fl-13"/>
      </object_component>
      <object_component id="oc-2e8">
         <name>.text:ADC_disableBurstMode</name>
         <load_address>0x10172</load_address>
         <readonly>true</readonly>
         <executable>true</executable>
         <run_address>0x10172</run_address>
         <size>0x15</size>
         <alignment>0x1</alignment>
         <input_file_ref idref="fl-2"/>
      </object_component>
      <object_component id="oc-32b">
         <name>.text:CPUTimer_enableInterrupt</name>
         <load_address>0x10187</load_address>
         <readonly>true</readonly>
         <executable>true</executable>
         <run_address>0x10187</run_address>
         <size>0x15</size>
         <alignment>0x1</alignment>
         <input_file_ref idref="fl-2"/>
      </object_component>
      <object_component id="oc-351">
         <name>.text:DAC_enableOutput</name>
         <load_address>0x1019c</load_address>
         <readonly>true</readonly>
         <executable>true</executable>
         <run_address>0x1019c</run_address>
         <size>0x15</size>
         <alignment>0x1</alignment>
         <input_file_ref idref="fl-2"/>
      </object_component>
      <object_component id="oc-34b">
         <name>.text:DAC_setLoadMode</name>
         <load_address>0x101b1</load_address>
         <readonly>true</readonly>
         <executable>true</executable>
         <run_address>0x101b1</run_address>
         <size>0x15</size>
         <alignment>0x1</alignment>
         <input_file_ref idref="fl-2"/>
      </object_component>
      <object_component id="oc-345">
         <name>.text:DAC_setReferenceVoltage</name>
         <load_address>0x101c6</load_address>
         <readonly>true</readonly>
         <executable>true</executable>
         <run_address>0x101c6</run_address>
         <size>0x15</size>
         <alignment>0x1</alignment>
         <input_file_ref idref="fl-2"/>
      </object_component>
      <object_component id="oc-306">
         <name>.text:ADC_clearInterruptStatus</name>
         <load_address>0x101db</load_address>
         <readonly>true</readonly>
         <executable>true</executable>
         <run_address>0x101db</run_address>
         <size>0x14</size>
         <alignment>0x1</alignment>
         <input_file_ref idref="fl-2"/>
      </object_component>
      <object_component id="oc-e4">
         <name>.text:ADC_clearInterruptStatus</name>
         <load_address>0x101ef</load_address>
         <readonly>true</readonly>
         <executable>true</executable>
         <run_address>0x101ef</run_address>
         <size>0x14</size>
         <alignment>0x1</alignment>
         <input_file_ref idref="fl-4"/>
      </object_component>
      <object_component id="oc-337">
         <name>.text:CPUTimer_reloadTimerCounter</name>
         <load_address>0x10203</load_address>
         <readonly>true</readonly>
         <executable>true</executable>
         <run_address>0x10203</run_address>
         <size>0x14</size>
         <alignment>0x1</alignment>
         <input_file_ref idref="fl-2"/>
      </object_component>
      <object_component id="oc-331">
         <name>.text:CPUTimer_stopTimer</name>
         <load_address>0x10217</load_address>
         <readonly>true</readonly>
         <executable>true</executable>
         <run_address>0x10217</run_address>
         <size>0x14</size>
         <alignment>0x1</alignment>
         <input_file_ref idref="fl-2"/>
      </object_component>
      <object_component id="oc-3cc">
         <name>.text:CPUTimer_stopTimer</name>
         <load_address>0x1022b</load_address>
         <readonly>true</readonly>
         <executable>true</executable>
         <run_address>0x1022b</run_address>
         <size>0x14</size>
         <alignment>0x1</alignment>
         <input_file_ref idref="fl-15"/>
      </object_component>
      <object_component id="oc-129">
         <name>.text:SCI_getRxFIFOStatus</name>
         <load_address>0x1023f</load_address>
         <readonly>true</readonly>
         <executable>true</executable>
         <run_address>0x1023f</run_address>
         <size>0x14</size>
         <alignment>0x1</alignment>
         <input_file_ref idref="fl-14"/>
      </object_component>
      <object_component id="oc-268">
         <name>.text:SCI_getTxFIFOStatus</name>
         <load_address>0x10253</load_address>
         <readonly>true</readonly>
         <executable>true</executable>
         <run_address>0x10253</run_address>
         <size>0x14</size>
         <alignment>0x1</alignment>
         <input_file_ref idref="fl-14"/>
      </object_component>
      <object_component id="oc-170">
         <name>.text:SysCtl_deviceCal</name>
         <load_address>0x10267</load_address>
         <readonly>true</readonly>
         <executable>true</executable>
         <run_address>0x10267</run_address>
         <size>0x14</size>
         <alignment>0x1</alignment>
         <input_file_ref idref="fl-7"/>
      </object_component>
      <object_component id="oc-2e2">
         <name>.text:ADC_enableConverter</name>
         <load_address>0x1027b</load_address>
         <readonly>true</readonly>
         <executable>true</executable>
         <run_address>0x1027b</run_address>
         <size>0x13</size>
         <alignment>0x1</alignment>
         <input_file_ref idref="fl-2"/>
      </object_component>
      <object_component id="oc-319">
         <name>.text:CPUTimer_setEmulationMode</name>
         <load_address>0x1028e</load_address>
         <readonly>true</readonly>
         <executable>true</executable>
         <run_address>0x1028e</run_address>
         <size>0x13</size>
         <alignment>0x1</alignment>
         <input_file_ref idref="fl-11"/>
      </object_component>
      <object_component id="oc-35e">
         <name>.text:SCI_clearOverflowStatus</name>
         <load_address>0x102a1</load_address>
         <readonly>true</readonly>
         <executable>true</executable>
         <run_address>0x102a1</run_address>
         <size>0x13</size>
         <alignment>0x1</alignment>
         <input_file_ref idref="fl-2"/>
      </object_component>
      <object_component id="oc-394">
         <name>.text:SCI_enableModule</name>
         <load_address>0x102b4</load_address>
         <readonly>true</readonly>
         <executable>true</executable>
         <run_address>0x102b4</run_address>
         <size>0x13</size>
         <alignment>0x1</alignment>
         <input_file_ref idref="fl-2"/>
      </object_component>
      <object_component id="oc-451">
         <name>.text:SCI_enableModule</name>
         <load_address>0x102c7</load_address>
         <readonly>true</readonly>
         <executable>true</executable>
         <run_address>0x102c7</run_address>
         <size>0x13</size>
         <alignment>0x1</alignment>
         <input_file_ref idref="fl-14"/>
      </object_component>
      <object_component id="oc-3de">
         <name>.text:CPUTimer_clearOverflowFlag</name>
         <load_address>0x102da</load_address>
         <readonly>true</readonly>
         <executable>true</executable>
         <run_address>0x102da</run_address>
         <size>0x12</size>
         <alignment>0x1</alignment>
         <input_file_ref idref="fl-15"/>
      </object_component>
      <object_component id="oc-3c6">
         <name>.text:CPUTimer_disableInterrupt</name>
         <load_address>0x102ec</load_address>
         <readonly>true</readonly>
         <executable>true</executable>
         <run_address>0x102ec</run_address>
         <size>0x12</size>
         <alignment>0x1</alignment>
         <input_file_ref idref="fl-15"/>
      </object_component>
      <object_component id="oc-1e4">
         <name>.text</name>
         <load_address>0x102fe</load_address>
         <readonly>true</readonly>
         <executable>true</executable>
         <run_address>0x102fe</run_address>
         <size>0x12</size>
         <alignment>0x1</alignment>
         <input_file_ref idref="fl-2c"/>
      </object_component>
      <object_component id="oc-325">
         <name>.text:CPUTimer_setPeriod</name>
         <load_address>0x10310</load_address>
         <readonly>true</readonly>
         <executable>true</executable>
         <run_address>0x10310</run_address>
         <size>0x11</size>
         <alignment>0x1</alignment>
         <input_file_ref idref="fl-2"/>
      </object_component>
      <object_component id="oc-3d2">
         <name>.text:CPUTimer_setPeriod</name>
         <load_address>0x10321</load_address>
         <readonly>true</readonly>
         <executable>true</executable>
         <run_address>0x10321</run_address>
         <size>0x11</size>
         <alignment>0x1</alignment>
         <input_file_ref idref="fl-15"/>
      </object_component>
      <object_component id="oc-37c">
         <name>.text:SCI_disableLoopback</name>
         <load_address>0x10332</load_address>
         <readonly>true</readonly>
         <executable>true</executable>
         <run_address>0x10332</run_address>
         <size>0x11</size>
         <alignment>0x1</alignment>
         <input_file_ref idref="fl-2"/>
      </object_component>
      <object_component id="oc-ae">
         <name>.text:Board_init</name>
         <load_address>0x10343</load_address>
         <readonly>true</readonly>
         <executable>true</executable>
         <run_address>0x10343</run_address>
         <size>0xf</size>
         <alignment>0x1</alignment>
         <input_file_ref idref="fl-2"/>
      </object_component>
      <object_component id="oc-ea">
         <name>.text:Interrupt_register</name>
         <load_address>0x10352</load_address>
         <readonly>true</readonly>
         <executable>true</executable>
         <run_address>0x10352</run_address>
         <size>0xf</size>
         <alignment>0x1</alignment>
         <input_file_ref idref="fl-2"/>
      </object_component>
      <object_component id="oc-b4">
         <name>.text:Interrupt_register</name>
         <load_address>0x10361</load_address>
         <readonly>true</readonly>
         <executable>true</executable>
         <run_address>0x10361</run_address>
         <size>0xf</size>
         <alignment>0x1</alignment>
         <input_file_ref idref="fl-4"/>
      </object_component>
      <object_component id="oc-3ea">
         <name>.text:SysCtl_pollCpuTimer</name>
         <load_address>0x10370</load_address>
         <readonly>true</readonly>
         <executable>true</executable>
         <run_address>0x10370</run_address>
         <size>0xf</size>
         <alignment>0x1</alignment>
         <input_file_ref idref="fl-15"/>
      </object_component>
      <object_component id="oc-2c7">
         <name>.text:GPIO_isPinValid</name>
         <load_address>0x1037f</load_address>
         <readonly>true</readonly>
         <executable>true</executable>
         <run_address>0x1037f</run_address>
         <size>0xe</size>
         <alignment>0x1</alignment>
         <input_file_ref idref="fl-12"/>
      </object_component>
      <object_component id="oc-1a8">
         <name>.text:Interrupt_enableGlobal</name>
         <load_address>0x1038d</load_address>
         <readonly>true</readonly>
         <executable>true</executable>
         <run_address>0x1038d</run_address>
         <size>0xd</size>
         <alignment>0x1</alignment>
         <input_file_ref idref="fl-13"/>
      </object_component>
      <object_component id="oc-15d">
         <name>.text:SysCtl_setLowSpeedClock</name>
         <load_address>0x1039a</load_address>
         <readonly>true</readonly>
         <executable>true</executable>
         <run_address>0x1039a</run_address>
         <size>0xd</size>
         <alignment>0x1</alignment>
         <input_file_ref idref="fl-7"/>
      </object_component>
      <object_component id="oc-73">
         <name>.text:decompress:ZI:__TI_zero_init_nomemset</name>
         <load_address>0x103a7</load_address>
         <readonly>true</readonly>
         <executable>true</executable>
         <run_address>0x103a7</run_address>
         <size>0xd</size>
         <alignment>0x1</alignment>
         <input_file_ref idref="fl-27"/>
      </object_component>
      <object_component id="oc-145">
         <name>.text:SysCtl_disableWatchdog</name>
         <load_address>0x103b4</load_address>
         <readonly>true</readonly>
         <executable>true</executable>
         <run_address>0x103b4</run_address>
         <size>0xb</size>
         <alignment>0x1</alignment>
         <input_file_ref idref="fl-7"/>
      </object_component>
      <object_component id="oc-20b">
         <name>.text:SysCtl_isMCDClockFailureDetected</name>
         <load_address>0x103bf</load_address>
         <readonly>true</readonly>
         <executable>true</executable>
         <run_address>0x103bf</run_address>
         <size>0xb</size>
         <alignment>0x1</alignment>
         <input_file_ref idref="fl-15"/>
      </object_component>
      <object_component id="oc-cc">
         <name>.text</name>
         <load_address>0x103ca</load_address>
         <readonly>true</readonly>
         <executable>true</executable>
         <run_address>0x103ca</run_address>
         <size>0xb</size>
         <alignment>0x1</alignment>
         <input_file_ref idref="fl-24"/>
      </object_component>
      <object_component id="oc-5c">
         <name>.text:Interrupt_illegalOperationHandler</name>
         <load_address>0x103d5</load_address>
         <readonly>true</readonly>
         <executable>true</executable>
         <run_address>0x103d5</run_address>
         <size>0xa</size>
         <alignment>0x1</alignment>
         <input_file_ref idref="fl-13"/>
      </object_component>
      <object_component id="oc-62">
         <name>.text:Interrupt_nmiHandler</name>
         <load_address>0x103df</load_address>
         <readonly>true</readonly>
         <executable>true</executable>
         <run_address>0x103df</run_address>
         <size>0xa</size>
         <alignment>0x1</alignment>
         <input_file_ref idref="fl-13"/>
      </object_component>
      <object_component id="oc-218">
         <name>.text:SysCtl_serviceWatchdog</name>
         <load_address>0x103e9</load_address>
         <readonly>true</readonly>
         <executable>true</executable>
         <run_address>0x103e9</run_address>
         <size>0x9</size>
         <alignment>0x1</alignment>
         <input_file_ref idref="fl-15"/>
      </object_component>
      <object_component id="oc-3ba">
         <name>.text</name>
         <load_address>0x103f2</load_address>
         <readonly>true</readonly>
         <executable>true</executable>
         <run_address>0x103f2</run_address>
         <size>0x9</size>
         <alignment>0x1</alignment>
         <input_file_ref idref="fl-2b"/>
      </object_component>
      <object_component id="oc-7f">
         <name>.text</name>
         <load_address>0x103fb</load_address>
         <readonly>true</readonly>
         <executable>true</executable>
         <run_address>0x103fb</run_address>
         <size>0x8</size>
         <alignment>0x1</alignment>
         <input_file_ref idref="fl-6"/>
      </object_component>
      <object_component id="oc-26">
         <name>.text:decompress:none</name>
         <load_address>0x10403</load_address>
         <readonly>true</readonly>
         <executable>true</executable>
         <run_address>0x10403</run_address>
         <size>0x8</size>
         <alignment>0x1</alignment>
         <input_file_ref idref="fl-28"/>
      </object_component>
      <object_component id="oc-3f0">
         <name>.text:SysCtl_resetMCD</name>
         <load_address>0x1040b</load_address>
         <readonly>true</readonly>
         <executable>true</executable>
         <run_address>0x1040b</run_address>
         <size>0x7</size>
         <alignment>0x1</alignment>
         <input_file_ref idref="fl-15"/>
      </object_component>
      <object_component id="oc-11d">
         <name>.text:__error__</name>
         <load_address>0x10412</load_address>
         <readonly>true</readonly>
         <executable>true</executable>
         <run_address>0x10412</run_address>
         <size>0x7</size>
         <alignment>0x1</alignment>
         <input_file_ref idref="fl-7"/>
      </object_component>
      <object_component id="oc-97">
         <name>.text:Interrupt_clearACKGroup</name>
         <load_address>0x10419</load_address>
         <readonly>true</readonly>
         <executable>true</executable>
         <run_address>0x10419</run_address>
         <size>0x6</size>
         <alignment>0x1</alignment>
         <input_file_ref idref="fl-4"/>
      </object_component>
      <object_component id="oc-194">
         <name>.text:CPUTIMER_init</name>
         <load_address>0x1041f</load_address>
         <readonly>true</readonly>
         <executable>true</executable>
         <run_address>0x1041f</run_address>
         <size>0x5</size>
         <alignment>0x1</alignment>
         <input_file_ref idref="fl-2"/>
      </object_component>
      <object_component id="oc-18e">
         <name>.text:ADC_init</name>
         <load_address>0x10424</load_address>
         <readonly>true</readonly>
         <executable>true</executable>
         <run_address>0x10424</run_address>
         <size>0x3</size>
         <alignment>0x1</alignment>
         <input_file_ref idref="fl-2"/>
      </object_component>
      <object_component id="oc-19a">
         <name>.text:DAC_init</name>
         <load_address>0x10427</load_address>
         <readonly>true</readonly>
         <executable>true</executable>
         <run_address>0x10427</run_address>
         <size>0x3</size>
         <alignment>0x1</alignment>
         <input_file_ref idref="fl-2"/>
      </object_component>
      <object_component id="oc-1a0">
         <name>.text:SCI_init</name>
         <load_address>0x1042a</load_address>
         <readonly>true</readonly>
         <executable>true</executable>
         <run_address>0x1042a</run_address>
         <size>0x3</size>
         <alignment>0x1</alignment>
         <input_file_ref idref="fl-2"/>
      </object_component>
      <object_component id="oc-1dd">
         <name>.text</name>
         <load_address>0x1042d</load_address>
         <readonly>true</readonly>
         <executable>true</executable>
         <run_address>0x1042d</run_address>
         <size>0x2</size>
         <alignment>0x1</alignment>
         <input_file_ref idref="fl-25"/>
      </object_component>
      <object_component id="oc-3a0">
         <name>.text</name>
         <load_address>0x1042f</load_address>
         <readonly>true</readonly>
         <executable>true</executable>
         <run_address>0x1042f</run_address>
         <size>0x1</size>
         <alignment>0x1</alignment>
         <input_file_ref idref="fl-30"/>
      </object_component>
      <object_component id="oc-4cd">
         <name>.cinit..data.load</name>
         <load_address>0x128</load_address>
         <readonly>true</readonly>
         <run_address>0x128</run_address>
         <size>0xb</size>
         <alignment>0x1</alignment>
      </object_component>
      <object_component id="oc-4ca">
         <name>__TI_handler_table</name>
         <load_address>0x134</load_address>
         <readonly>true</readonly>
         <run_address>0x134</run_address>
         <size>0x6</size>
         <alignment>0x2</alignment>
      </object_component>
      <object_component id="oc-4cc">
         <name>.cinit..bss.load</name>
         <load_address>0x13a</load_address>
         <readonly>true</readonly>
         <run_address>0x13a</run_address>
         <size>0x4</size>
         <alignment>0x2</alignment>
      </object_component>
      <object_component id="oc-4cb">
         <name>__TI_cinit_table</name>
         <load_address>0x13e</load_address>
         <readonly>true</readonly>
         <run_address>0x13e</run_address>
         <size>0x8</size>
         <alignment>0x2</alignment>
      </object_component>
      <object_component id="oc-68">
         <name>.stack</name>
         <uninitialized>true</uninitialized>
         <readwrite>true</readwrite>
         <run_address>0x400</run_address>
         <size>0x0</size>
         <alignment>0x1</alignment>
         <input_file_ref idref="fl-21"/>
      </object_component>
      <object_component id="oc-4ce">
         <name>.stack</name>
         <uninitialized>true</uninitialized>
         <readwrite>true</readwrite>
         <run_address>0x400</run_address>
         <size>0x0</size>
         <alignment>0x2</alignment>
      </object_component>
      <object_component id="oc-c3">
         <name>.bss:adc_buffer</name>
         <uninitialized>true</uninitialized>
         <readwrite>true</readwrite>
         <run_address>0xad4f</run_address>
         <size>0x64</size>
         <alignment>0x1</alignment>
         <input_file_ref idref="fl-4"/>
      </object_component>
      <object_component id="oc-c0">
         <name>.bss:dac_buffer</name>
         <uninitialized>true</uninitialized>
         <readwrite>true</readwrite>
         <run_address>0xac87</run_address>
         <size>0xc8</size>
         <alignment>0x1</alignment>
         <input_file_ref idref="fl-4"/>
      </object_component>
      <object_component id="oc-401">
         <name>.const:.string</name>
         <load_address>0xa800</load_address>
         <readonly>true</readonly>
         <run_address>0xa800</run_address>
         <size>0xfe</size>
         <alignment>0x2</alignment>
         <input_file_ref idref="fl-2"/>
      </object_component>
      <object_component id="oc-20a">
         <name>.const:.string</name>
         <load_address>0xa8fe</load_address>
         <readonly>true</readonly>
         <run_address>0xa8fe</run_address>
         <size>0xc2</size>
         <alignment>0x2</alignment>
         <input_file_ref idref="fl-15"/>
      </object_component>
      <object_component id="oc-2cd">
         <name>.const:.string</name>
         <load_address>0xa9c0</load_address>
         <readonly>true</readonly>
         <run_address>0xa9c0</run_address>
         <size>0xbc</size>
         <alignment>0x2</alignment>
         <input_file_ref idref="fl-12"/>
      </object_component>
      <object_component id="oc-11c">
         <name>.const:.string</name>
         <load_address>0xaa7c</load_address>
         <readonly>true</readonly>
         <run_address>0xaa7c</run_address>
         <size>0xbb</size>
         <alignment>0x2</alignment>
         <input_file_ref idref="fl-14"/>
      </object_component>
      <object_component id="oc-1be">
         <name>.const:.string</name>
         <load_address>0xab38</load_address>
         <readonly>true</readonly>
         <run_address>0xab38</run_address>
         <size>0x7c</size>
         <alignment>0x2</alignment>
         <input_file_ref idref="fl-4"/>
      </object_component>
      <object_component id="oc-428">
         <name>.const:.string</name>
         <load_address>0xabb4</load_address>
         <readonly>true</readonly>
         <run_address>0xabb4</run_address>
         <size>0x62</size>
         <alignment>0x2</alignment>
         <input_file_ref idref="fl-11"/>
      </object_component>
      <object_component id="oc-409">
         <name>.const:.string</name>
         <load_address>0xac16</load_address>
         <readonly>true</readonly>
         <run_address>0xac16</run_address>
         <size>0x5d</size>
         <alignment>0x2</alignment>
         <input_file_ref idref="fl-10"/>
      </object_component>
      <object_component id="oc-169">
         <name>.const:.string</name>
         <load_address>0xac74</load_address>
         <readonly>true</readonly>
         <run_address>0xac74</run_address>
         <size>0x13</size>
         <alignment>0x2</alignment>
         <input_file_ref idref="fl-7"/>
      </object_component>
      <object_component id="oc-9d">
         <name>.data</name>
         <load_address>0xadba</load_address>
         <readwrite>true</readwrite>
         <run_address>0xadba</run_address>
         <size>0x6</size>
         <alignment>0x2</alignment>
         <input_file_ref idref="fl-4"/>
      </object_component>
      <object_component id="oc-17c">
         <name>.data</name>
         <load_address>0xadb4</load_address>
         <readwrite>true</readwrite>
         <run_address>0xadb4</run_address>
         <size>0x6</size>
         <alignment>0x2</alignment>
         <input_file_ref idref="fl-7"/>
      </object_component>
      <object_component id="oc-2ae">
         <name>.data</name>
         <load_address>0xadc0</load_address>
         <readwrite>true</readwrite>
         <run_address>0xadc0</run_address>
         <size>0x6</size>
         <alignment>0x2</alignment>
         <input_file_ref idref="fl-2a"/>
      </object_component>
      <object_component id="oc-2b1">
         <name>.data:_lock</name>
         <load_address>0xadc6</load_address>
         <readwrite>true</readwrite>
         <run_address>0xadc6</run_address>
         <size>0x2</size>
         <alignment>0x2</alignment>
         <input_file_ref idref="fl-2b"/>
      </object_component>
      <object_component id="oc-464">
         <name>.data:_unlock</name>
         <load_address>0xadc8</load_address>
         <readwrite>true</readwrite>
         <run_address>0xadc8</run_address>
         <size>0x2</size>
         <alignment>0x2</alignment>
         <input_file_ref idref="fl-2b"/>
      </object_component>
      <object_component id="oc-217">
         <name>.TI.ramfunc</name>
         <load_address>0x123</load_address>
         <readonly>true</readonly>
         <executable>true</executable>
         <run_address>0x123</run_address>
         <size>0x4</size>
         <alignment>0x1</alignment>
         <input_file_ref idref="fl-15"/>
      </object_component>
      <object_component id="oc-f1">
         <name>.debug_types</name>
         <load_address>0x0</load_address>
         <run_address>0x0</run_address>
         <size>0x1a18</size>
         <alignment>0x0</alignment>
         <input_file_ref idref="fl-2"/>
      </object_component>
      <object_component id="oc-a1">
         <name>.debug_types</name>
         <load_address>0x1a18</load_address>
         <run_address>0x1a18</run_address>
         <size>0x36e</size>
         <alignment>0x0</alignment>
         <input_file_ref idref="fl-4"/>
      </object_component>
      <object_component id="oc-1b4">
         <name>.debug_types</name>
         <load_address>0x1d86</load_address>
         <run_address>0x1d86</run_address>
         <size>0xbb</size>
         <alignment>0x0</alignment>
         <input_file_ref idref="fl-5"/>
      </object_component>
      <object_component id="oc-180">
         <name>.debug_types</name>
         <load_address>0x1e41</load_address>
         <run_address>0x1e41</run_address>
         <size>0xf77</size>
         <alignment>0x0</alignment>
         <input_file_ref idref="fl-7"/>
      </object_component>
      <object_component id="oc-417">
         <name>.debug_types</name>
         <load_address>0x2db8</load_address>
         <run_address>0x2db8</run_address>
         <size>0x19a</size>
         <alignment>0x0</alignment>
         <input_file_ref idref="fl-10"/>
      </object_component>
      <object_component id="oc-42a">
         <name>.debug_types</name>
         <load_address>0x0</load_address>
         <run_address>0x0</run_address>
         <size>0x0</size>
         <alignment>0x0</alignment>
         <input_file_ref idref="fl-11"/>
      </object_component>
      <object_component id="oc-2c6">
         <name>.debug_types</name>
         <load_address>0x2f52</load_address>
         <run_address>0x2f52</run_address>
         <size>0x2c4</size>
         <alignment>0x0</alignment>
         <input_file_ref idref="fl-12"/>
      </object_component>
      <object_component id="oc-fb">
         <name>.debug_types</name>
         <load_address>0x0</load_address>
         <run_address>0x0</run_address>
         <size>0x0</size>
         <alignment>0x0</alignment>
         <input_file_ref idref="fl-13"/>
      </object_component>
      <object_component id="oc-136">
         <name>.debug_types</name>
         <load_address>0x3216</load_address>
         <run_address>0x3216</run_address>
         <size>0x89</size>
         <alignment>0x0</alignment>
         <input_file_ref idref="fl-14"/>
      </object_component>
      <object_component id="oc-1fc">
         <name>.debug_types</name>
         <load_address>0x329f</load_address>
         <run_address>0x329f</run_address>
         <size>0x254</size>
         <alignment>0x0</alignment>
         <input_file_ref idref="fl-15"/>
      </object_component>
      <object_component id="oc-27b">
         <name>.debug_types</name>
         <load_address>0x0</load_address>
         <run_address>0x0</run_address>
         <size>0x0</size>
         <alignment>0x0</alignment>
         <input_file_ref idref="fl-25"/>
      </object_component>
      <object_component id="oc-3a7">
         <name>.debug_types</name>
         <load_address>0x34f3</load_address>
         <run_address>0x34f3</run_address>
         <size>0x46c</size>
         <alignment>0x0</alignment>
         <input_file_ref idref="fl-26"/>
      </object_component>
      <object_component id="oc-108">
         <name>.debug_types</name>
         <load_address>0x395f</load_address>
         <run_address>0x395f</run_address>
         <size>0x1f3</size>
         <alignment>0x0</alignment>
         <input_file_ref idref="fl-27"/>
      </object_component>
      <object_component id="oc-72">
         <name>.debug_types</name>
         <load_address>0x0</load_address>
         <run_address>0x0</run_address>
         <size>0x0</size>
         <alignment>0x0</alignment>
         <input_file_ref idref="fl-28"/>
      </object_component>
      <object_component id="oc-6a">
         <name>.debug_types</name>
         <load_address>0x3b52</load_address>
         <run_address>0x3b52</run_address>
         <size>0x191</size>
         <alignment>0x0</alignment>
         <input_file_ref idref="fl-29"/>
      </object_component>
      <object_component id="oc-2b5">
         <name>.debug_types</name>
         <load_address>0x3ce3</load_address>
         <run_address>0x3ce3</run_address>
         <size>0xbf</size>
         <alignment>0x0</alignment>
         <input_file_ref idref="fl-2a"/>
      </object_component>
      <object_component id="oc-3c2">
         <name>.debug_types</name>
         <load_address>0x3da2</load_address>
         <run_address>0x3da2</run_address>
         <size>0x2f</size>
         <alignment>0x0</alignment>
         <input_file_ref idref="fl-2b"/>
      </object_component>
      <object_component id="oc-2ad">
         <name>.debug_types</name>
         <load_address>0x3dd1</load_address>
         <run_address>0x3dd1</run_address>
         <size>0xe1</size>
         <alignment>0x0</alignment>
         <input_file_ref idref="fl-2c"/>
      </object_component>
      <object_component id="oc-103">
         <name>.debug_types</name>
         <load_address>0x3eb2</load_address>
         <run_address>0x3eb2</run_address>
         <size>0xb8</size>
         <alignment>0x0</alignment>
         <input_file_ref idref="fl-2f"/>
      </object_component>
      <object_component id="oc-45e">
         <name>.debug_types</name>
         <load_address>0x0</load_address>
         <run_address>0x0</run_address>
         <size>0x0</size>
         <alignment>0x0</alignment>
         <input_file_ref idref="fl-30"/>
      </object_component>
      <object_component id="oc-3fc">
         <name>.debug_info</name>
         <load_address>0x0</load_address>
         <run_address>0x0</run_address>
         <size>0x167</size>
         <alignment>0x0</alignment>
         <input_file_ref idref="fl-2"/>
      </object_component>
      <object_component id="oc-2d2">
         <name>.debug_info</name>
         <load_address>0x167</load_address>
         <run_address>0x167</run_address>
         <size>0x1b4</size>
         <alignment>0x0</alignment>
         <input_file_ref idref="fl-2"/>
      </object_component>
      <object_component id="oc-2f6">
         <name>.debug_info</name>
         <load_address>0x31b</load_address>
         <run_address>0x31b</run_address>
         <size>0x233</size>
         <alignment>0x0</alignment>
         <input_file_ref idref="fl-2"/>
      </object_component>
      <object_component id="oc-2fb">
         <name>.debug_info</name>
         <load_address>0x54e</load_address>
         <run_address>0x54e</run_address>
         <size>0x200</size>
         <alignment>0x0</alignment>
         <input_file_ref idref="fl-2"/>
      </object_component>
      <object_component id="oc-2dd">
         <name>.debug_info</name>
         <load_address>0x74e</load_address>
         <run_address>0x74e</run_address>
         <size>0x1c2</size>
         <alignment>0x0</alignment>
         <input_file_ref idref="fl-2"/>
      </object_component>
      <object_component id="oc-2e3">
         <name>.debug_info</name>
         <load_address>0x910</load_address>
         <run_address>0x910</run_address>
         <size>0x18b</size>
         <alignment>0x0</alignment>
         <input_file_ref idref="fl-2"/>
      </object_component>
      <object_component id="oc-307">
         <name>.debug_info</name>
         <load_address>0xa9b</load_address>
         <run_address>0xa9b</run_address>
         <size>0x1c0</size>
         <alignment>0x0</alignment>
         <input_file_ref idref="fl-2"/>
      </object_component>
      <object_component id="oc-2e9">
         <name>.debug_info</name>
         <load_address>0xc5b</load_address>
         <run_address>0xc5b</run_address>
         <size>0x18d</size>
         <alignment>0x0</alignment>
         <input_file_ref idref="fl-2"/>
      </object_component>
      <object_component id="oc-2ef">
         <name>.debug_info</name>
         <load_address>0xde8</load_address>
         <run_address>0xde8</run_address>
         <size>0x1b0</size>
         <alignment>0x0</alignment>
         <input_file_ref idref="fl-2"/>
      </object_component>
      <object_component id="oc-313">
         <name>.debug_info</name>
         <load_address>0xf98</load_address>
         <run_address>0xf98</run_address>
         <size>0x1e2</size>
         <alignment>0x0</alignment>
         <input_file_ref idref="fl-2"/>
      </object_component>
      <object_component id="oc-301">
         <name>.debug_info</name>
         <load_address>0x117a</load_address>
         <run_address>0x117a</run_address>
         <size>0x224</size>
         <alignment>0x0</alignment>
         <input_file_ref idref="fl-2"/>
      </object_component>
      <object_component id="oc-30d">
         <name>.debug_info</name>
         <load_address>0x139e</load_address>
         <run_address>0x139e</run_address>
         <size>0x1ee</size>
         <alignment>0x0</alignment>
         <input_file_ref idref="fl-2"/>
      </object_component>
      <object_component id="oc-eb">
         <name>.debug_info</name>
         <load_address>0x158c</load_address>
         <run_address>0x158c</run_address>
         <size>0x1bb</size>
         <alignment>0x0</alignment>
         <input_file_ref idref="fl-2"/>
      </object_component>
      <object_component id="oc-42c">
         <name>.debug_info</name>
         <load_address>0x1747</load_address>
         <run_address>0x1747</run_address>
         <size>0x174</size>
         <alignment>0x0</alignment>
         <input_file_ref idref="fl-2"/>
      </object_component>
      <object_component id="oc-32c">
         <name>.debug_info</name>
         <load_address>0x18bb</load_address>
         <run_address>0x18bb</run_address>
         <size>0x1b2</size>
         <alignment>0x0</alignment>
         <input_file_ref idref="fl-2"/>
      </object_component>
      <object_component id="oc-338">
         <name>.debug_info</name>
         <load_address>0x1a6d</load_address>
         <run_address>0x1a6d</run_address>
         <size>0x1b8</size>
         <alignment>0x0</alignment>
         <input_file_ref idref="fl-2"/>
      </object_component>
      <object_component id="oc-332">
         <name>.debug_info</name>
         <load_address>0x1c25</load_address>
         <run_address>0x1c25</run_address>
         <size>0x1a7</size>
         <alignment>0x0</alignment>
         <input_file_ref idref="fl-2"/>
      </object_component>
      <object_component id="oc-33e">
         <name>.debug_info</name>
         <load_address>0x1dcc</load_address>
         <run_address>0x1dcc</run_address>
         <size>0x1aa</size>
         <alignment>0x0</alignment>
         <input_file_ref idref="fl-2"/>
      </object_component>
      <object_component id="oc-326">
         <name>.debug_info</name>
         <load_address>0x1f76</load_address>
         <run_address>0x1f76</run_address>
         <size>0x1ab</size>
         <alignment>0x0</alignment>
         <input_file_ref idref="fl-2"/>
      </object_component>
      <object_component id="oc-320">
         <name>.debug_info</name>
         <load_address>0x2121</load_address>
         <run_address>0x2121</run_address>
         <size>0x1c4</size>
         <alignment>0x0</alignment>
         <input_file_ref idref="fl-2"/>
      </object_component>
      <object_component id="oc-438">
         <name>.debug_info</name>
         <load_address>0x22e5</load_address>
         <run_address>0x22e5</run_address>
         <size>0x165</size>
         <alignment>0x0</alignment>
         <input_file_ref idref="fl-2"/>
      </object_component>
      <object_component id="oc-346">
         <name>.debug_info</name>
         <load_address>0x244a</load_address>
         <run_address>0x244a</run_address>
         <size>0x1b6</size>
         <alignment>0x0</alignment>
         <input_file_ref idref="fl-2"/>
      </object_component>
      <object_component id="oc-34c">
         <name>.debug_info</name>
         <load_address>0x2600</load_address>
         <run_address>0x2600</run_address>
         <size>0x1a2</size>
         <alignment>0x0</alignment>
         <input_file_ref idref="fl-2"/>
      </object_component>
      <object_component id="oc-358">
         <name>.debug_info</name>
         <load_address>0x27a2</load_address>
         <run_address>0x27a2</run_address>
         <size>0x1bb</size>
         <alignment>0x0</alignment>
         <input_file_ref idref="fl-2"/>
      </object_component>
      <object_component id="oc-352">
         <name>.debug_info</name>
         <load_address>0x295d</load_address>
         <run_address>0x295d</run_address>
         <size>0x185</size>
         <alignment>0x0</alignment>
         <input_file_ref idref="fl-2"/>
      </object_component>
      <object_component id="oc-442">
         <name>.debug_info</name>
         <load_address>0x2ae2</load_address>
         <run_address>0x2ae2</run_address>
         <size>0x165</size>
         <alignment>0x0</alignment>
         <input_file_ref idref="fl-2"/>
      </object_component>
      <object_component id="oc-389">
         <name>.debug_info</name>
         <load_address>0x2c47</load_address>
         <run_address>0x2c47</run_address>
         <size>0x1e5</size>
         <alignment>0x0</alignment>
         <input_file_ref idref="fl-2"/>
      </object_component>
      <object_component id="oc-395">
         <name>.debug_info</name>
         <load_address>0x2e2c</load_address>
         <run_address>0x2e2c</run_address>
         <size>0x185</size>
         <alignment>0x0</alignment>
         <input_file_ref idref="fl-2"/>
      </object_component>
      <object_component id="oc-38f">
         <name>.debug_info</name>
         <load_address>0x2fb1</load_address>
         <run_address>0x2fb1</run_address>
         <size>0x181</size>
         <alignment>0x0</alignment>
         <input_file_ref idref="fl-2"/>
      </object_component>
      <object_component id="oc-36b">
         <name>.debug_info</name>
         <load_address>0x3132</load_address>
         <run_address>0x3132</run_address>
         <size>0x183</size>
         <alignment>0x0</alignment>
         <input_file_ref idref="fl-2"/>
      </object_component>
      <object_component id="oc-365">
         <name>.debug_info</name>
         <load_address>0x32b5</load_address>
         <run_address>0x32b5</run_address>
         <size>0x183</size>
         <alignment>0x0</alignment>
         <input_file_ref idref="fl-2"/>
      </object_component>
[...]
         <unused_space>0x1000</unused_space>
         <attributes>RWIX</attributes>
         <usage_details>
         </usage_details>
      </memory_area>
      <memory_area display="yes" color="green">
         <name>RAMGS8</name>
         <page_id>0x1</page_id>
         <origin>0x14000</origin>
         <length>0x1000</length>
         <used_space>0x0</used_space>
         <unused_space>0x1000</unused_space>
         <attributes>RWIX</attributes>
         <usage_details>
         </usage_details>
      </memory_area>
      <memory_area display="yes" color="green">
         <name>RAMGS9</name>
         <page_id>0x1</page_id>
         <origin>0x15000</origin>
         <length>0x1000</length>
         <used_space>0x0</used_space>
         <unused_space>0x1000</unused_space>
         <attributes>RWIX</attributes>
         <usage_details>
         </usage_details>
      </memory_area>
      <memory_area display="yes" color="green">
         <name>RAMGS10</name>
         <page_id>0x1</page_id>
         <origin>0x16000</origin>
         <length>0x1000</length>
         <used_space>0x0</used_space>
         <unused_space>0x1000</unused_space>
         <attributes>RWIX</attributes>
         <usage_details>
         </usage_details>
      </memory_area>
      <memory_area display="yes" color="green">
         <name>RAMGS11</name>
         <page_id>0x1</page_id>
         <origin>0x17000</origin>
         <length>0x1000</length>
         <used_space>0x0</used_space>
         <unused_space>0x1000</unused_space>
         <attributes>RWIX</attributes>
         <usage_details>
         </usage_details>
      </memory_area>
      <memory_area display="yes" color="green">
         <name>RAMGS12</name>
         <page_id>0x1</page_id>
         <origin>0x18000</origin>
         <length>0x1000</length>
         <used_space>0x0</used_space>
         <unused_space>0x1000</unused_space>
         <attributes>RWIX</attributes>
         <usage_details>
         </usage_details>
      </memory_area>
      <memory_area display="yes" color="green">
         <name>RAMGS13</name>
         <page_id>0x1</page_id>
         <origin>0x19000</origin>
         <length>0x1000</length>
         <used_space>0x0</used_space>
         <unused_space>0x1000</unused_space>
         <attributes>RWIX</attributes>
         <usage_details>
         </usage_details>
      </memory_area>
      <memory_area display="yes" color="green">
         <name>RAMGS14</name>
         <page_id>0x1</page_id>
         <origin>0x1a000</origin>
         <length>0x1000</length>
         <used_space>0x0</used_space>
         <unused_space>0x1000</unused_space>
         <attributes>RWIX</attributes>
         <usage_details>
         </usage_details>
      </memory_area>
      <memory_area display="yes" color="green">
         <name>RAMGS15</name>
         <page_id>0x1</page_id>
         <origin>0x1b000</origin>
         <length>0xff8</length>
         <used_space>0x0</used_space>
         <unused_space>0xff8</unused_space>
         <attributes>RWIX</attributes>
         <usage_details>
         </usage_details>
      </memory_area>
      <memory_area display="yes" color="green">
         <name>CPU2TOCPU1RAM</name>
         <page_id>0x1</page_id>
         <origin>0x3f800</origin>
         <length>0x400</length>
         <used_space>0x0</used_space>
         <unused_space>0x400</unused_space>
         <attributes>RWIX</attributes>
         <usage_details>
         </usage_details>
      </memory_area>
      <memory_area display="yes" color="green">
         <name>CPU1TOCPU2RAM</name>
         <page_id>0x1</page_id>
         <origin>0x3fc00</origin>
         <length>0x400</length>
         <used_space>0x0</used_space>
         <unused_space>0x400</unused_space>
         <attributes>RWIX</attributes>
         <usage_details>
         </usage_details>
      </memory_area>
      <memory_area display="yes" color="green">
         <name>CANA_MSG_RAM</name>
         <page_id>0x1</page_id>
         <origin>0x49000</origin>
         <length>0x800</length>
         <used_space>0x0</used_space>
         <unused_space>0x800</unused_space>
         <attributes>RWIX</attributes>
         <usage_details>
         </usage_details>
      </memory_area>
      <memory_area display="yes" color="green">
         <name>CANB_MSG_RAM</name>
         <page_id>0x1</page_id>
         <origin>0x4b000</origin>
         <length>0x800</length>
         <used_space>0x0</used_space>
         <unused_space>0x800</unused_space>
         <attributes>RWIX</attributes>
         <usage_details>
         </usage_details>
      </memory_area>
   </placement_map>
   <cptbl_list>
      <cptbl>
         <name>__TI_cinit_table</name>
         <cprec>
            <name>.data</name>
            <load_address>0x128</load_address>
            <load_size>0xb</load_size>
            <run_address>0xadb4</run_address>
            <run_size>0x16</run_size>
            <compression>lzss</compression>
         </cprec>
         <cprec>
            <name>.bss</name>
            <load_address>0x13a</load_address>
            <load_size>0x4</load_size>
            <run_address>0xac87</run_address>
            <run_size>0x12c</run_size>
            <compression>zero_init</compression>
         </cprec>
      </cptbl>
   </cptbl_list>
   <handler_table>
      <handler_table_name>__TI_handler_table</handler_table_name>
      <handler>
         <index>0x0</index>
         <name>__TI_zero_init</name>
      </handler>
      <handler>
         <index>0x1</index>
         <name>__TI_decompress_lzss</name>
      </handler>
      <handler>
         <index>0x2</index>
         <name>__TI_decompress_none</name>
      </handler>
   </handler_table>
   <symbol_table>
      <symbol id="sm-1">
         <name>__TI_CINIT_Base</name>
         <value>0x13e</value>
      </symbol>
      <symbol id="sm-2">
         <name>__TI_CINIT_Limit</name>
         <value>0x146</value>
      </symbol>
      <symbol id="sm-3">
         <name>__TI_CINIT_Warm</name>
         <value>0x146</value>
      </symbol>
      <symbol id="sm-4">
         <name>__TI_Handler_Table_Base</name>
         <value>0x134</value>
      </symbol>
      <symbol id="sm-5">
         <name>__TI_Handler_Table_Limit</name>
         <value>0x13a</value>
      </symbol>
      <symbol id="sm-6">
         <name>__TI_STACK_SIZE</name>
         <value>0x200</value>
      </symbol>
      <symbol id="sm-7">
         <name>__TI_STACK_END</name>
         <value>0x600</value>
      </symbol>
      <symbol id="sm-8">
         <name>__c_args__</name>
         <value>0xffffffff</value>
      </symbol>
      <symbol id="sm-9">
         <name>__TI_pprof_out_hndl</name>
         <value>0xffffffff</value>
      </symbol>
      <symbol id="sm-a">
         <name>__TI_prof_data_start</name>
         <value>0xffffffff</value>
      </symbol>
      <symbol id="sm-b">
         <name>__TI_prof_data_size</name>
         <value>0xffffffff</value>
      </symbol>
      <symbol id="sm-1d1">
         <name>INTERRUPT_init</name>
         <value>0xff79</value>
         <object_component_ref idref="oc-3f"/>
      </symbol>
      <symbol id="sm-1d2">
         <name>ADC0_init</name>
         <value>0xf6b8</value>
         <object_component_ref idref="oc-242"/>
      </symbol>
      <symbol id="sm-1d3">
         <name>PinMux_init</name>
         <value>0xfdc0</value>
         <object_component_ref idref="oc-188"/>
      </symbol>
      <symbol id="sm-1d4">
         <name>SCI0_init</name>
         <value>0xf8ec</value>
         <object_component_ref idref="oc-25d"/>
      </symbol>
      <symbol id="sm-1d5">
         <name>SCI_init</name>
         <value>0x1042a</value>
         <object_component_ref idref="oc-1a0"/>
      </symbol>
      <symbol id="sm-1d6">
         <name>Board_init</name>
         <value>0x10343</value>
         <object_component_ref idref="oc-ae"/>
      </symbol>
      <symbol id="sm-1d7">
         <name>DAC_init</name>
         <value>0x10427</value>
         <object_component_ref idref="oc-19a"/>
      </symbol>
      <symbol id="sm-1d8">
         <name>ADC_init</name>
         <value>0x10424</value>
         <object_component_ref idref="oc-18e"/>
      </symbol>
      <symbol id="sm-1d9">
         <name>CPUTIMER_init</name>
         <value>0x1041f</value>
         <object_component_ref idref="oc-194"/>
      </symbol>
      <symbol id="sm-1da">
         <name>DAC0_init</name>
         <value>0xffab</value>
         <object_component_ref idref="oc-256"/>
      </symbol>
      <symbol id="sm-1db">
         <name>myCPUTIMER1_init</name>
         <value>0xfcbd</value>
         <object_component_ref idref="oc-24f"/>
      </symbol>
      <symbol id="sm-1dc">
         <name>myCPUTIMER0_init</name>
         <value>0xfc98</value>
         <object_component_ref idref="oc-249"/>
      </symbol>
      <symbol id="sm-25c">
         <name>INT_ADC0_1_ISR</name>
         <value>0xf700</value>
         <object_component_ref idref="oc-3e"/>
      </symbol>
      <symbol id="sm-25d">
         <name>INT_myCPUTIMER1_ISR</name>
         <value>0xf748</value>
         <object_component_ref idref="oc-4a"/>
      </symbol>
      <symbol id="sm-25e">
         <name>g_cnt_adc</name>
         <value>0xadba</value>
         <object_component_ref idref="oc-9d"/>
      </symbol>
      <symbol id="sm-25f">
         <name>g_prot_header</name>
         <value>0xadbc</value>
         <object_component_ref idref="oc-9d"/>
      </symbol>
      <symbol id="sm-260">
         <name>main</name>
         <value>0xf40c</value>
         <object_component_ref idref="oc-37"/>
      </symbol>
      <symbol id="sm-261">
         <name>adc_buffer</name>
         <value>0xad4f</value>
         <object_component_ref idref="oc-c3"/>
      </symbol>
      <symbol id="sm-262">
         <name>dac_buffer</name>
         <value>0xac87</value>
         <object_component_ref idref="oc-c0"/>
      </symbol>
      <symbol id="sm-263">
         <name>gain</name>
         <value>0xadbe</value>
         <object_component_ref idref="oc-9d"/>
      </symbol>
      <symbol id="sm-264">
         <name>INT_SCI0_RX_ISR</name>
         <value>0xf669</value>
         <object_component_ref idref="oc-32"/>
      </symbol>
      <symbol id="sm-27c">
         <name>protocolReceiveArray</name>
         <value>0xff92</value>
         <object_component_ref idref="oc-c6"/>
      </symbol>
      <symbol id="sm-27d">
         <name>protocolSendArray</name>
         <value>0xfe54</value>
         <object_component_ref idref="oc-d1"/>
      </symbol>
      <symbol id="sm-28c">
         <name>code_start</name>
         <value>0x0</value>
         <object_component_ref idref="oc-2d"/>
      </symbol>
      <symbol id="sm-2e0">
         <name>Device_enableAllPeripherals</name>
         <value>0xf209</value>
         <object_component_ref idref="oc-176"/>
      </symbol>
      <symbol id="sm-2e1">
         <name>Example_Fail</name>
         <value>0xadb8</value>
         <object_component_ref idref="oc-17c"/>
      </symbol>
      <symbol id="sm-2e2">
         <name>Device_init</name>
         <value>0xf970</value>
         <object_component_ref idref="oc-a2"/>
      </symbol>
      <symbol id="sm-2e3">
         <name>Example_Result</name>
         <value>0xadb4</value>
         <object_component_ref idref="oc-17c"/>
      </symbol>
      <symbol id="sm-2e4">
         <name>__error__</name>
         <value>0x10412</value>
         <object_component_ref idref="oc-11d"/>
      </symbol>
      <symbol id="sm-2e5">
         <name>Device_configureTMXAnalogTrim</name>
         <value>0xfb0b</value>
         <object_component_ref idref="oc-151"/>
      </symbol>
      <symbol id="sm-2e6">
         <name>Example_PassCount</name>
         <value>0xadb6</value>
         <object_component_ref idref="oc-17c"/>
      </symbol>
      <symbol id="sm-327">
         <name>ADC_setOffsetTrim</name>
         <value>0xf566</value>
         <object_component_ref idref="oc-410"/>
      </symbol>
      <symbol id="sm-328">
         <name>ADC_setMode</name>
         <value>0xfb6b</value>
         <object_component_ref idref="oc-2d6"/>
      </symbol>
      <symbol id="sm-329">
         <name>ADC_setINLTrim</name>
         <value>0xf48f</value>
         <object_component_ref idref="oc-40a"/>
      </symbol>
      <symbol id="sm-343">
         <name>CPUTimer_setEmulationMode</name>
         <value>0x1028e</value>
         <object_component_ref idref="oc-319"/>
      </symbol>
      <symbol id="sm-373">
         <name>GPIO_setQualificationMode</name>
         <value>0xfa9d</value>
         <object_component_ref idref="oc-23b"/>
      </symbol>
      <symbol id="sm-374">
         <name>GPIO_setPadConfig</name>
         <value>0xf5c6</value>
         <object_component_ref idref="oc-235"/>
      </symbol>
      <symbol id="sm-375">
         <name>GPIO_setPinConfig</name>
         <value>0xfa66</value>
         <object_component_ref idref="oc-22f"/>
      </symbol>
      <symbol id="sm-3c4">
         <name>Interrupt_defaultHandler</name>
         <value>0x1015c</value>
         <object_component_ref idref="oc-50"/>
      </symbol>
      <symbol id="sm-3c5">
         <name>Interrupt_initModule</name>
         <value>0xf9ee</value>
         <object_component_ref idref="oc-a8"/>
      </symbol>
      <symbol id="sm-3c6">
         <name>Interrupt_nmiHandler</name>
         <value>0x103df</value>
         <object_component_ref idref="oc-62"/>
      </symbol>
      <symbol id="sm-3c7">
         <name>Interrupt_enable</name>
         <value>0xfad4</value>
         <object_component_ref idref="oc-ba"/>
      </symbol>
      <symbol id="sm-3c8">
         <name>Interrupt_initVectorTable</name>
         <value>0xfdfd</value>
         <object_component_ref idref="oc-54"/>
      </symbol>
      <symbol id="sm-3c9">
         <name>Interrupt_illegalOperationHandler</name>
         <value>0x103d5</value>
         <object_component_ref idref="oc-5c"/>
      </symbol>
      <symbol id="sm-475">
         <name>SCI_readCharArray</name>
         <value>0xfa2b</value>
         <object_component_ref idref="oc-85"/>
      </symbol>
      <symbol id="sm-476">
         <name>SCI_clearInterruptStatus</name>
         <value>0xf81e</value>
         <object_component_ref idref="oc-91"/>
      </symbol>
      <symbol id="sm-477">
         <name>SCI_writeCharArray</name>
         <value>0xf92f</value>
         <object_component_ref idref="oc-1b6"/>
      </symbol>
      <symbol id="sm-478">
         <name>SCI_disableInterrupt</name>
         <value>0xf863</value>
         <object_component_ref idref="oc-8b"/>
      </symbol>
      <symbol id="sm-479">
         <name>SCI_setConfig</name>
         <value>0xf9b0</value>
         <object_component_ref idref="oc-376"/>
      </symbol>
      <symbol id="sm-47a">
         <name>SCI_enableInterrupt</name>
         <value>0xf8a8</value>
         <object_component_ref idref="oc-d7"/>
      </symbol>
      <symbol id="sm-553">
         <name>SysCtl_delay</name>
         <value>0x123</value>
         <object_component_ref idref="oc-217"/>
      </symbol>
      <symbol id="sm-554">
         <name>SysCtl_getDeviceParametric</name>
         <value>0xf4fe</value>
         <object_component_ref idref="oc-14b"/>
      </symbol>
      <symbol id="sm-555">
         <name>SysCtl_selectXTAL</name>
         <value>0xf2f4</value>
         <object_component_ref idref="oc-2bc"/>
      </symbol>
      <symbol id="sm-556">
         <name>SysCtl_selectOscSource</name>
         <value>0xf790</value>
         <object_component_ref idref="oc-211"/>
      </symbol>
      <symbol id="sm-557">
         <name>SysCtl_getLowSpeedClock</name>
         <value>0xff5f</value>
         <object_component_ref idref="oc-16a"/>
      </symbol>
      <symbol id="sm-558">
         <name>SysCtl_setClock</name>
         <value>0xf000</value>
         <object_component_ref idref="oc-157"/>
      </symbol>
      <symbol id="sm-559">
         <name>SysCtl_getClock</name>
         <value>0xf618</value>
         <object_component_ref idref="oc-163"/>
      </symbol>
      <symbol id="sm-563">
         <name>_c_int00</name>
         <value>0x10119</value>
         <object_component_ref idref="oc-110"/>
      </symbol>
      <symbol id="sm-564">
         <name>__stack</name>
         <value>0x400</value>
         <object_component_ref idref="oc-68"/>
      </symbol>
      <symbol id="sm-571">
         <name>__c28xabi_divf</name>
         <value>0xf384</value>
         <object_component_ref idref="oc-21e"/>
      </symbol>
      <symbol id="sm-57a">
         <name>__c28xabi_modu</name>
         <value>0x103cf</value>
         <object_component_ref idref="oc-cc"/>
      </symbol>
      <symbol id="sm-57b">
         <name>__c28xabi_divu</name>
         <value>0x103ca</value>
         <object_component_ref idref="oc-cc"/>
      </symbol>
      <symbol id="sm-588">
         <name>_system_pre_init</name>
         <value>0x1042d</value>
         <object_component_ref idref="oc-1dd"/>
      </symbol>
      <symbol id="sm-597">
         <name>__TI_auto_init_nobinit_nopinit</name>
         <value>0xfbf6</value>
         <object_component_ref idref="oc-27c"/>
      </symbol>
      <symbol id="sm-5a6">
         <name>__TI_zero_init_nomemset</name>
         <value>0x103a7</value>
         <object_component_ref idref="oc-73"/>
      </symbol>
      <symbol id="sm-5b3">
         <name>__TI_decompress_none</name>
         <value>0x10403</value>
         <object_component_ref idref="oc-26"/>
      </symbol>
      <symbol id="sm-5c7">
         <name>__TI_decompress_lzss</name>
         <value>0xfbc8</value>
         <object_component_ref idref="oc-20"/>
      </symbol>
      <symbol id="sm-5dd">
         <name>C$$EXIT</name>
         <value>0xfc21</value>
         <object_component_ref idref="oc-1ea"/>
      </symbol>
      <symbol id="sm-5de">
         <name>abort</name>
         <value>0xfc21</value>
         <object_component_ref idref="oc-1ea"/>
      </symbol>
      <symbol id="sm-5df">
         <name>exit</name>
         <value>0xfc23</value>
         <object_component_ref idref="oc-1ea"/>
      </symbol>
      <symbol id="sm-5e0">
         <name>__TI_dtors_ptr</name>
         <value>0xadc4</value>
         <object_component_ref idref="oc-2ae"/>
      </symbol>
      <symbol id="sm-5e1">
         <name>__TI_cleanup_ptr</name>
         <value>0xadc2</value>
         <object_component_ref idref="oc-2ae"/>
      </symbol>
      <symbol id="sm-5e2">
         <name>__TI_enable_exit_profile_output</name>
         <value>0xadc0</value>
         <object_component_ref idref="oc-2ae"/>
      </symbol>
      <symbol id="sm-5f9">
         <name>_nop</name>
         <value>0x103fa</value>
         <object_component_ref idref="oc-3ba"/>
      </symbol>
      <symbol id="sm-5fa">
         <name>_lock</name>
         <value>0xadc6</value>
         <object_component_ref idref="oc-2b1"/>
      </symbol>
      <symbol id="sm-5fb">
         <name>_unlock</name>
         <value>0xadc8</value>
         <object_component_ref idref="oc-464"/>
      </symbol>
      <symbol id="sm-5fc">
         <name>_register_lock</name>
         <value>0x103f6</value>
         <object_component_ref idref="oc-3ba"/>
      </symbol>
      <symbol id="sm-5fd">
         <name>_register_unlock</name>
         <value>0x103f2</value>
         <object_component_ref idref="oc-3ba"/>
      </symbol>
      <symbol id="sm-60c">
         <name>_args_main</name>
         <value>0x102fe</value>
         <object_component_ref idref="oc-1e4"/>
      </symbol>
      <symbol id="sm-620">
         <name>memcpy</name>
         <value>0xfd43</value>
         <object_component_ref idref="oc-6b"/>
      </symbol>
      <symbol id="sm-62d">
         <name>_system_post_cinit</name>
         <value>0x1042f</value>
         <object_component_ref idref="oc-3a0"/>
      </symbol>
   </symbol_table>
   <title>Link successful</title>
</link_info>
